<?xml version="1.0" encoding="ISO-8859-1" ?>
<link_info>
   <banner>TMS320C2000 Linker PC v18.1.1.LTS</banner>
   <copyright>Copyright (c) 1996-2017 Texas Instruments Incorporated</copyright>
   <link_time>0x5b96ece6</link_time>
   <link_errors>0x0</link_errors>
   <output_file>Birdir_ACDC_v1a.out</output_file>
   <entry_point>
      <name>_c_int00</name>
      <address>0x3f6f61</address>
   </entry_point>
   <input_file_list>
      <input_file id="fl-a">
         <path>.\</path>
         <kind>object</kind>
         <file>CNTL_2P2Z_IQ.obj</file>
         <name>CNTL_2P2Z_IQ.obj</name>
      </input_file>
      <input_file id="fl-b">
         <path>.\</path>
         <kind>object</kind>
         <file>CNTL_2P2Z_IQ_ASM.obj</file>
         <name>CNTL_2P2Z_IQ_ASM.obj</name>
      </input_file>
      <input_file id="fl-c">
         <path>.\</path>
         <kind>object</kind>
         <file>CNTL_3P3Z_IQ.obj</file>
         <name>CNTL_3P3Z_IQ.obj</name>
      </input_file>
      <input_file id="fl-d">
         <path>.\</path>
         <kind>object</kind>
         <file>CNTL_3P3Z_IQ_ASM.obj</file>
         <name>CNTL_3P3Z_IQ_ASM.obj</name>
      </input_file>
      <input_file id="fl-e">
         <path>.\</path>
         <kind>object</kind>
         <file>CNTL_8P8Z_IQ.obj</file>
         <name>CNTL_8P8Z_IQ.obj</name>
      </input_file>
      <input_file id="fl-f">
         <path>.\</path>
         <kind>object</kind>
         <file>CNTL_8P8Z_IQ_ASM.obj</file>
         <name>CNTL_8P8Z_IQ_ASM.obj</name>
      </input_file>
      <input_file id="fl-10">
         <path>.\</path>
         <kind>object</kind>
         <file>CNTL_PI_IQ.obj</file>
         <name>CNTL_PI_IQ.obj</name>
      </input_file>
      <input_file id="fl-11">
         <path>.\</path>
         <kind>object</kind>
         <file>SPLL_1ph_SOGI_IQ.obj</file>
         <name>SPLL_1ph_SOGI_IQ.obj</name>
      </input_file>
      <input_file id="fl-12">
         <path>.\</path>
         <kind>object</kind>
         <file>bidir.obj</file>
         <name>bidir.obj</name>
      </input_file>
      <input_file id="fl-13">
         <path>.\</path>
         <kind>object</kind>
         <file>stkov_systemstack.obj</file>
         <name>stkov_systemstack.obj</name>
      </input_file>
      <input_file id="fl-1a">
         <kind>object</kind>
         <file>&lt;internal&gt;</file>
         <name>&lt;internal&gt;</name>
      </input_file>
      <input_file id="fl-26">
         <path>C:\ti\ccsv7\tools\compiler\ti-cgt-c2000_18.1.1.LTS\lib\</path>
         <kind>archive</kind>
         <file>rts2800_ml.lib</file>
         <name>fd_mpy28.asm.obj</name>
      </input_file>
      <input_file id="fl-27">
         <path>C:\ti\ccsv7\tools\compiler\ti-cgt-c2000_18.1.1.LTS\lib\</path>
         <kind>archive</kind>
         <file>rts2800_ml.lib</file>
         <name>fd_tol28.asm.obj</name>
      </input_file>
      <input_file id="fl-28">
         <path>C:\ti\ccsv7\tools\compiler\ti-cgt-c2000_18.1.1.LTS\lib\</path>
         <kind>archive</kind>
         <file>rts2800_ml.lib</file>
         <name>fs_add28.asm.obj</name>
      </input_file>
      <input_file id="fl-29">
         <path>C:\ti\ccsv7\tools\compiler\ti-cgt-c2000_18.1.1.LTS\lib\</path>
         <kind>archive</kind>
         <file>rts2800_ml.lib</file>
         <name>fs_cmp28.asm.obj</name>
      </input_file>
      <input_file id="fl-2a">
         <path>C:\ti\ccsv7\tools\compiler\ti-cgt-c2000_18.1.1.LTS\lib\</path>
         <kind>archive</kind>
         <file>rts2800_ml.lib</file>
         <name>fs_div28.asm.obj</name>
      </input_file>
      <input_file id="fl-2b">
         <path>C:\ti\ccsv7\tools\compiler\ti-cgt-c2000_18.1.1.LTS\lib\</path>
         <kind>archive</kind>
         <file>rts2800_ml.lib</file>
         <name>fs_mpy28.asm.obj</name>
      </input_file>
      <input_file id="fl-2c">
         <path>C:\ti\ccsv7\tools\compiler\ti-cgt-c2000_18.1.1.LTS\lib\</path>
         <kind>archive</kind>
         <file>rts2800_ml.lib</file>
         <name>fs_tofd28.asm.obj</name>
      </input_file>
      <input_file id="fl-2d">
         <path>C:\ti\ccsv7\tools\compiler\ti-cgt-c2000_18.1.1.LTS\lib\</path>
         <kind>archive</kind>
         <file>rts2800_ml.lib</file>
         <name>i_div28.asm.obj</name>
      </input_file>
      <input_file id="fl-2e">
         <path>C:\ti\ccsv7\tools\compiler\ti-cgt-c2000_18.1.1.LTS\lib\</path>
         <kind>archive</kind>
         <file>rts2800_ml.lib</file>
         <name>i_tofd28.asm.obj</name>
      </input_file>
      <input_file id="fl-2f">
         <path>C:\ti\ccsv7\tools\compiler\ti-cgt-c2000_18.1.1.LTS\lib\</path>
         <kind>archive</kind>
         <file>rts2800_ml.lib</file>
         <name>i_tofs28.asm.obj</name>
      </input_file>
      <input_file id="fl-30">
         <path>C:\ti\ccsv7\tools\compiler\ti-cgt-c2000_18.1.1.LTS\lib\</path>
         <kind>archive</kind>
         <file>rts2800_ml.lib</file>
         <name>l_tofd28.asm.obj</name>
      </input_file>
      <input_file id="fl-31">
         <path>C:\ti\c2000\C2000Ware_1_00_04_00\device_support\f2802x\common\ccs\Debug\</path>
         <kind>archive</kind>
         <file>driverlib.lib</file>
         <name>adc.obj</name>
      </input_file>
      <input_file id="fl-32">
         <path>C:\ti\c2000\C2000Ware_1_00_04_00\device_support\f2802x\common\ccs\Debug\</path>
         <kind>archive</kind>
         <file>driverlib.lib</file>
         <name>clk.obj</name>
      </input_file>
      <input_file id="fl-33">
         <path>C:\ti\c2000\C2000Ware_1_00_04_00\device_support\f2802x\common\ccs\Debug\</path>
         <kind>archive</kind>
         <file>driverlib.lib</file>
         <name>cpu.obj</name>
      </input_file>
      <input_file id="fl-34">
         <path>C:\ti\c2000\C2000Ware_1_00_04_00\device_support\f2802x\common\ccs\Debug\</path>
         <kind>archive</kind>
         <file>driverlib.lib</file>
         <name>flash.obj</name>
      </input_file>
      <input_file id="fl-35">
         <path>C:\ti\c2000\C2000Ware_1_00_04_00\device_support\f2802x\common\ccs\Debug\</path>
         <kind>archive</kind>
         <file>driverlib.lib</file>
         <name>gpio.obj</name>
      </input_file>
      <input_file id="fl-36">
         <path>C:\ti\c2000\C2000Ware_1_00_04_00\device_support\f2802x\common\ccs\Debug\</path>
         <kind>archive</kind>
         <file>driverlib.lib</file>
         <name>pie.obj</name>
      </input_file>
      <input_file id="fl-37">
         <path>C:\ti\c2000\C2000Ware_1_00_04_00\device_support\f2802x\common\ccs\Debug\</path>
         <kind>archive</kind>
         <file>driverlib.lib</file>
         <name>f2802xx_defaultisr.obj</name>
      </input_file>
      <input_file id="fl-38">
         <path>C:\ti\c2000\C2000Ware_1_00_04_00\device_support\f2802x\common\ccs\Debug\</path>
         <kind>archive</kind>
         <file>driverlib.lib</file>
         <name>pll.obj</name>
      </input_file>
      <input_file id="fl-39">
         <path>C:\ti\c2000\C2000Ware_1_00_04_00\device_support\f2802x\common\ccs\Debug\</path>
         <kind>archive</kind>
         <file>driverlib.lib</file>
         <name>pwm.obj</name>
      </input_file>
      <input_file id="fl-3a">
         <path>C:\ti\c2000\C2000Ware_1_00_04_00\device_support\f2802x\common\ccs\Debug\</path>
         <kind>archive</kind>
         <file>driverlib.lib</file>
         <name>timer.obj</name>
      </input_file>
      <input_file id="fl-3b">
         <path>C:\ti\c2000\C2000Ware_1_00_04_00\device_support\f2802x\common\ccs\Debug\</path>
         <kind>archive</kind>
         <file>driverlib.lib</file>
         <name>wdog.obj</name>
      </input_file>
      <input_file id="fl-3c">
         <path>C:\ti\c2000\C2000Ware_1_00_04_00\libraries\math\IQmath\c28\lib\</path>
         <kind>archive</kind>
         <file>IQmath.lib</file>
         <name>IQ19div.obj</name>
      </input_file>
      <input_file id="fl-3d">
         <path>C:\ti\c2000\C2000Ware_1_00_04_00\libraries\boot_rom\f2802x\v2_0\rom_symbol_libs\IQmath\</path>
         <kind>archive</kind>
         <file>2802x_IQmath_BootROMSymbols.lib</file>
         <name>__Release_TMS320x2802x_boot_rom_out__IQdivRoundSatTable_tmp.obj</name>
      </input_file>
      <input_file id="fl-3e">
         <path>C:\ti\c2000\C2000Ware_1_00_04_00\libraries\boot_rom\f2802x\v2_0\rom_symbol_libs\IQmath\</path>
         <kind>archive</kind>
         <file>2802x_IQmath_BootROMSymbols.lib</file>
         <name>__Release_TMS320x2802x_boot_rom_out__IQdivTable_tmp.obj</name>
      </input_file>
      <input_file id="fl-3f">
         <path>C:\ti\c2000\C2000Ware_1_00_04_00\libraries\math\IQmath\c28\lib\</path>
         <kind>archive</kind>
         <file>IQmath.lib</file>
         <name>IQ19mag.obj</name>
      </input_file>
      <input_file id="fl-40">
         <path>C:\ti\c2000\C2000Ware_1_00_04_00\libraries\boot_rom\f2802x\v2_0\rom_symbol_libs\IQmath\</path>
         <kind>archive</kind>
         <file>2802x_IQmath_BootROMSymbols.lib</file>
         <name>__Release_TMS320x2802x_boot_rom_out__IQsqrtRoundSatTable_tmp.obj</name>
      </input_file>
      <input_file id="fl-41">
         <path>C:\ti\c2000\C2000Ware_1_00_04_00\libraries\boot_rom\f2802x\v2_0\rom_symbol_libs\IQmath\</path>
         <kind>archive</kind>
         <file>2802x_IQmath_BootROMSymbols.lib</file>
         <name>__Release_TMS320x2802x_boot_rom_out__IQsqrtTable_tmp.obj</name>
      </input_file>
      <input_file id="fl-42">
         <path>C:\ti\c2000\C2000Ware_1_00_04_00\libraries\math\IQmath\c28\lib\</path>
         <kind>archive</kind>
         <file>IQmath.lib</file>
         <name>IQ23cos.obj</name>
      </input_file>
      <input_file id="fl-43">
         <path>C:\ti\c2000\C2000Ware_1_00_04_00\libraries\boot_rom\f2802x\v2_0\rom_symbol_libs\IQmath\</path>
         <kind>archive</kind>
         <file>2802x_IQmath_BootROMSymbols.lib</file>
         <name>__Release_TMS320x2802x_boot_rom_out__IQcosTable_tmp.obj</name>
      </input_file>
      <input_file id="fl-44">
         <path>C:\ti\c2000\C2000Ware_1_00_04_00\libraries\boot_rom\f2802x\v2_0\rom_symbol_libs\IQmath\</path>
         <kind>archive</kind>
         <file>2802x_IQmath_BootROMSymbols.lib</file>
         <name>__Release_TMS320x2802x_boot_rom_out__IQsinTable_tmp.obj</name>
      </input_file>
      <input_file id="fl-45">
         <path>C:\ti\c2000\C2000Ware_1_00_04_00\libraries\math\IQmath\c28\lib\</path>
         <kind>archive</kind>
         <file>IQmath.lib</file>
         <name>IQ23sin.obj</name>
      </input_file>
      <input_file id="fl-46">
         <path>C:\ti\ccsv7\tools\compiler\ti-cgt-c2000_18.1.1.LTS\lib\</path>
         <kind>archive</kind>
         <file>rts2800_ml.lib</file>
         <name>boot28.asm.obj</name>
      </input_file>
      <input_file id="fl-47">
         <path>C:\ti\ccsv7\tools\compiler\ti-cgt-c2000_18.1.1.LTS\lib\</path>
         <kind>archive</kind>
         <file>rts2800_ml.lib</file>
         <name>args_main.c.obj</name>
      </input_file>
      <input_file id="fl-48">
         <path>C:\ti\ccsv7\tools\compiler\ti-cgt-c2000_18.1.1.LTS\lib\</path>
         <kind>archive</kind>
         <file>rts2800_ml.lib</file>
         <name>startup.c.obj</name>
      </input_file>
      <input_file id="fl-49">
         <path>C:\ti\ccsv7\tools\compiler\ti-cgt-c2000_18.1.1.LTS\lib\</path>
         <kind>archive</kind>
         <file>rts2800_ml.lib</file>
         <name>pre_init.c.obj</name>
      </input_file>
      <input_file id="fl-4a">
         <path>C:\ti\ccsv7\tools\compiler\ti-cgt-c2000_18.1.1.LTS\lib\</path>
         <kind>archive</kind>
         <file>rts2800_ml.lib</file>
         <name>cpy_tbl.c.obj</name>
      </input_file>
      <input_file id="fl-4b">
         <path>C:\ti\ccsv7\tools\compiler\ti-cgt-c2000_18.1.1.LTS\lib\</path>
         <kind>archive</kind>
         <file>rts2800_ml.lib</file>
         <name>exit.c.obj</name>
      </input_file>
      <input_file id="fl-4c">
         <path>C:\ti\ccsv7\tools\compiler\ti-cgt-c2000_18.1.1.LTS\lib\</path>
         <kind>archive</kind>
         <file>rts2800_ml.lib</file>
         <name>_lock.c.obj</name>
      </input_file>
      <input_file id="fl-4d">
         <path>C:\ti\ccsv7\tools\compiler\ti-cgt-c2000_18.1.1.LTS\lib\</path>
         <kind>archive</kind>
         <file>rts2800_ml.lib</file>
         <name>memcpy.c.obj</name>
      </input_file>
   </input_file_list>
   <object_component_list>
      <object_component id="oc-7a">
         <name>.cinit</name>
         <load_address>0x3f76ad</load_address>
         <run_address>0x3f76ad</run_address>
         <size>0x6a</size>
         <input_file_ref idref="fl-12"/>
      </object_component>
      <object_component id="oc-15c">
         <name>.cinit</name>
         <load_address>0x3f7717</load_address>
         <run_address>0x3f7717</run_address>
         <size>0xe</size>
         <input_file_ref idref="fl-4b"/>
      </object_component>
      <object_component id="oc-179">
         <name>.cinit:__lock</name>
         <load_address>0x3f7725</load_address>
         <run_address>0x3f7725</run_address>
         <size>0x5</size>
         <input_file_ref idref="fl-4c"/>
      </object_component>
      <object_component id="oc-1d0">
         <name>.cinit:__unlock</name>
         <load_address>0x3f772a</load_address>
         <run_address>0x3f772a</run_address>
         <size>0x5</size>
         <input_file_ref idref="fl-4c"/>
      </object_component>
      <object_component id="oc-16e">
         <name>.text</name>
         <load_address>0x3f6397</load_address>
         <run_address>0x3f6397</run_address>
         <size>0x1</size>
         <input_file_ref idref="fl-48"/>
      </object_component>
      <object_component id="oc-177">
         <name>.text</name>
         <load_address>0x3f65a7</load_address>
         <run_address>0x3f65a7</run_address>
         <size>0x5cd</size>
         <input_file_ref idref="fl-12"/>
      </object_component>
      <object_component id="oc-173">
         <name>.text</name>
         <load_address>0x3f6b74</load_address>
         <run_address>0x3f6b74</run_address>
         <size>0x222</size>
         <input_file_ref idref="fl-11"/>
      </object_component>
      <object_component id="oc-9c">
         <name>.text</name>
         <load_address>0x3f6d96</load_address>
         <run_address>0x3f6d96</run_address>
         <size>0x83</size>
         <input_file_ref idref="fl-2a"/>
      </object_component>
      <object_component id="oc-92">
         <name>.text</name>
         <load_address>0x3f6e19</load_address>
         <run_address>0x3f6e19</run_address>
         <size>0x78</size>
         <input_file_ref idref="fl-28"/>
      </object_component>
      <object_component id="oc-17a">
         <name>.text</name>
         <load_address>0x3f6e91</load_address>
         <run_address>0x3f6e91</run_address>
         <size>0x74</size>
         <input_file_ref idref="fl-a"/>
      </object_component>
      <object_component id="oc-69">
         <name>.text</name>
         <load_address>0x3f6f05</load_address>
         <run_address>0x3f6f05</run_address>
         <size>0x5c</size>
         <input_file_ref idref="fl-f"/>
      </object_component>
      <object_component id="oc-49">
         <name>.text</name>
         <load_address>0x3f6f61</load_address>
         <run_address>0x3f6f61</run_address>
         <size>0x54</size>
         <input_file_ref idref="fl-46"/>
      </object_component>
      <object_component id="oc-17b">
         <name>.text</name>
         <load_address>0x3f6fb5</load_address>
         <run_address>0x3f6fb5</run_address>
         <size>0x4a</size>
         <input_file_ref idref="fl-10"/>
      </object_component>
      <object_component id="oc-17d">
         <name>.text:_GPIO_setMode</name>
         <load_address>0x3f6fff</load_address>
         <run_address>0x3f6fff</run_address>
         <size>0x48</size>
         <input_file_ref idref="fl-35"/>
      </object_component>
      <object_component id="oc-7c">
         <name>.text:retain</name>
         <load_address>0x3f7047</load_address>
         <run_address>0x3f7047</run_address>
         <size>0x48</size>
         <input_file_ref idref="fl-12"/>
      </object_component>
      <object_component id="oc-1b8">
         <name>.text</name>
         <load_address>0x3f708f</load_address>
         <run_address>0x3f708f</run_address>
         <size>0x35</size>
         <input_file_ref idref="fl-13"/>
      </object_component>
      <object_component id="oc-5f">
         <name>.text</name>
         <load_address>0x3f70c4</load_address>
         <run_address>0x3f70c4</run_address>
         <size>0x34</size>
         <input_file_ref idref="fl-d"/>
      </object_component>
      <object_component id="oc-55">
         <name>.text</name>
         <load_address>0x3f70f8</load_address>
         <run_address>0x3f70f8</run_address>
         <size>0x2c</size>
         <input_file_ref idref="fl-b"/>
      </object_component>
      <object_component id="oc-17e">
         <name>.text:_GPIO_setDirection</name>
         <load_address>0x3f7124</load_address>
         <run_address>0x3f7124</run_address>
         <size>0x29</size>
         <input_file_ref idref="fl-35"/>
      </object_component>
      <object_component id="oc-17c">
         <name>.text:_GPIO_setPullUp</name>
         <load_address>0x3f714d</load_address>
         <run_address>0x3f714d</run_address>
         <size>0x29</size>
         <input_file_ref idref="fl-35"/>
      </object_component>
      <object_component id="oc-170">
         <name>.text</name>
         <load_address>0x3f7176</load_address>
         <run_address>0x3f7176</run_address>
         <size>0x29</size>
         <input_file_ref idref="fl-4b"/>
      </object_component>
      <object_component id="oc-17f">
         <name>.text:_GPIO_setQualification</name>
         <load_address>0x3f719f</load_address>
         <run_address>0x3f719f</run_address>
         <size>0x27</size>
         <input_file_ref idref="fl-35"/>
      </object_component>
      <object_component id="oc-16d">
         <name>.text</name>
         <load_address>0x3f71c6</load_address>
         <run_address>0x3f71c6</run_address>
         <size>0x24</size>
         <input_file_ref idref="fl-4a"/>
      </object_component>
      <object_component id="oc-182">
         <name>.text:_ADC_setIntMode</name>
         <load_address>0x3f71ea</load_address>
         <run_address>0x3f71ea</run_address>
         <size>0x22</size>
         <input_file_ref idref="fl-31"/>
      </object_component>
      <object_component id="oc-183">
         <name>.text:_ADC_setIntSrc</name>
         <load_address>0x3f720c</load_address>
         <run_address>0x3f720c</run_address>
         <size>0x22</size>
         <input_file_ref idref="fl-31"/>
      </object_component>
      <object_component id="oc-ab">
         <name>.text</name>
         <load_address>0x3f722e</load_address>
         <run_address>0x3f722e</run_address>
         <size>0x22</size>
         <input_file_ref idref="fl-2d"/>
      </object_component>
      <object_component id="oc-b0">
         <name>.text</name>
         <load_address>0x3f7250</load_address>
         <run_address>0x3f7250</run_address>
         <size>0x1d</size>
         <input_file_ref idref="fl-2e"/>
      </object_component>
      <object_component id="oc-176">
         <name>.text</name>
         <load_address>0x3f726d</load_address>
         <run_address>0x3f726d</run_address>
         <size>0x1d</size>
         <input_file_ref idref="fl-4d"/>
      </object_component>
      <object_component id="oc-a6">
         <name>.text</name>
         <load_address>0x3f728a</load_address>
         <run_address>0x3f728a</run_address>
         <size>0x1c</size>
         <input_file_ref idref="fl-2c"/>
      </object_component>
      <object_component id="oc-ba">
         <name>.text</name>
         <load_address>0x3f72a6</load_address>
         <run_address>0x3f72a6</run_address>
         <size>0x1c</size>
         <input_file_ref idref="fl-30"/>
      </object_component>
      <object_component id="oc-b5">
         <name>.text</name>
         <load_address>0x3f72c2</load_address>
         <run_address>0x3f72c2</run_address>
         <size>0x1a</size>
         <input_file_ref idref="fl-2f"/>
      </object_component>
      <object_component id="oc-16f">
         <name>.text</name>
         <load_address>0x3f72dc</load_address>
         <run_address>0x3f72dc</run_address>
         <size>0x19</size>
         <input_file_ref idref="fl-47"/>
      </object_component>
      <object_component id="oc-181">
         <name>.text:_ADC_enableInt</name>
         <load_address>0x3f72f5</load_address>
         <run_address>0x3f72f5</run_address>
         <size>0x17</size>
         <input_file_ref idref="fl-31"/>
      </object_component>
      <object_component id="oc-97">
         <name>.text</name>
         <load_address>0x3f730c</load_address>
         <run_address>0x3f730c</run_address>
         <size>0x17</size>
         <input_file_ref idref="fl-29"/>
      </object_component>
      <object_component id="oc-1af">
         <name>.text:_PLL_setup</name>
         <load_address>0x3f7323</load_address>
         <run_address>0x3f7323</run_address>
         <size>0x15</size>
         <input_file_ref idref="fl-38"/>
      </object_component>
      <object_component id="oc-1c6">
         <name>.text:_PIE_enableAdcInt</name>
         <load_address>0x3f7338</load_address>
         <run_address>0x3f7338</run_address>
         <size>0x14</size>
         <input_file_ref idref="fl-36"/>
      </object_component>
      <object_component id="oc-1c0">
         <name>.text:_TIMER_setPreScaler</name>
         <load_address>0x3f734c</load_address>
         <run_address>0x3f734c</run_address>
         <size>0x13</size>
         <input_file_ref idref="fl-3a"/>
      </object_component>
      <object_component id="oc-184">
         <name>.text:_ADC_setSocChanNumber</name>
         <load_address>0x3f735f</load_address>
         <run_address>0x3f735f</run_address>
         <size>0x12</size>
         <input_file_ref idref="fl-31"/>
      </object_component>
      <object_component id="oc-186">
         <name>.text:_ADC_setSocSampleWindow</name>
         <load_address>0x3f7371</load_address>
         <run_address>0x3f7371</run_address>
         <size>0x12</size>
         <input_file_ref idref="fl-31"/>
      </object_component>
      <object_component id="oc-185">
         <name>.text:_ADC_setSocTrigSrc</name>
         <load_address>0x3f7383</load_address>
         <run_address>0x3f7383</run_address>
         <size>0x12</size>
         <input_file_ref idref="fl-31"/>
      </object_component>
      <object_component id="oc-180">
         <name>.text:_ADC_setIntPulseGenMode</name>
         <load_address>0x3f7395</load_address>
         <run_address>0x3f7395</run_address>
         <size>0x11</size>
         <input_file_ref idref="fl-31"/>
      </object_component>
      <object_component id="oc-1bb">
         <name>.text:_ADC_setVoltRefSrc</name>
         <load_address>0x3f73a6</load_address>
         <run_address>0x3f73a6</run_address>
         <size>0x11</size>
         <input_file_ref idref="fl-31"/>
      </object_component>
      <object_component id="oc-175">
         <name>.text:_GPIO_getData</name>
         <load_address>0x3f73b7</load_address>
         <run_address>0x3f73b7</run_address>
         <size>0x11</size>
         <input_file_ref idref="fl-35"/>
      </object_component>
      <object_component id="oc-1b1">
         <name>.text:_PIE_disableAllInts</name>
         <load_address>0x3f73c8</load_address>
         <run_address>0x3f73c8</run_address>
         <size>0x11</size>
         <input_file_ref idref="fl-36"/>
      </object_component>
      <object_component id="oc-1b4">
         <name>.text:_PIE_setDebugIntVectorTable</name>
         <load_address>0x3f73d9</load_address>
         <run_address>0x3f73d9</run_address>
         <size>0x11</size>
         <input_file_ref idref="fl-36"/>
      </object_component>
      <object_component id="oc-1b6">
         <name>.text:_PIE_registerPieIntHandler</name>
         <load_address>0x3f73ea</load_address>
         <run_address>0x3f73ea</run_address>
         <size>0xf</size>
         <input_file_ref idref="fl-36"/>
      </object_component>
      <object_component id="oc-1c9">
         <name>.text:_PIE_enablePwmInt</name>
         <load_address>0x3f73f9</load_address>
         <run_address>0x3f73f9</run_address>
         <size>0xe</size>
         <input_file_ref idref="fl-36"/>
      </object_component>
      <object_component id="oc-1b7">
         <name>.text:_PIE_registerSystemIntHandler</name>
         <load_address>0x3f7407</load_address>
         <run_address>0x3f7407</run_address>
         <size>0xb</size>
         <input_file_ref idref="fl-36"/>
      </object_component>
      <object_component id="oc-1bd">
         <name>.text:_ADC_enable</name>
         <load_address>0x3f7412</load_address>
         <run_address>0x3f7412</run_address>
         <size>0xa</size>
         <input_file_ref idref="fl-31"/>
      </object_component>
      <object_component id="oc-1b9">
         <name>.text:_ADC_enableBandGap</name>
         <load_address>0x3f741c</load_address>
         <run_address>0x3f741c</run_address>
         <size>0xa</size>
         <input_file_ref idref="fl-31"/>
      </object_component>
      <object_component id="oc-1ba">
         <name>.text:_ADC_enableRefBuffers</name>
         <load_address>0x3f7426</load_address>
         <run_address>0x3f7426</run_address>
         <size>0xa</size>
         <input_file_ref idref="fl-31"/>
      </object_component>
      <object_component id="oc-1a2">
         <name>.text:_ADC_init</name>
         <load_address>0x3f7430</load_address>
         <run_address>0x3f7430</run_address>
         <size>0xa</size>
         <input_file_ref idref="fl-31"/>
      </object_component>
      <object_component id="oc-1bc">
         <name>.text:_ADC_powerUp</name>
         <load_address>0x3f743a</load_address>
         <run_address>0x3f743a</run_address>
         <size>0xa</size>
         <input_file_ref idref="fl-31"/>
      </object_component>
      <object_component id="oc-1c8">
         <name>.text:_PIE_enableInt</name>
         <load_address>0x3f7444</load_address>
         <run_address>0x3f7444</run_address>
         <size>0xa</size>
         <input_file_ref idref="fl-36"/>
      </object_component>
      <object_component id="oc-1a7">
         <name>.text:_PIE_init</name>
         <load_address>0x3f744e</load_address>
         <run_address>0x3f744e</run_address>
         <size>0xa</size>
         <input_file_ref idref="fl-36"/>
      </object_component>
      <object_component id="oc-1cc">
         <name>.text:_WDOG_setPreScaler</name>
         <load_address>0x3f7458</load_address>
         <run_address>0x3f7458</run_address>
         <size>0xa</size>
         <input_file_ref idref="fl-3b"/>
      </object_component>
      <object_component id="oc-188">
         <name>.text:_CLK_enablePwmClock</name>
         <load_address>0x3f7462</load_address>
         <run_address>0x3f7462</run_address>
         <size>0x9</size>
         <input_file_ref idref="fl-32"/>
      </object_component>
      <object_component id="oc-198">
         <name>.text:_PWM_setActionQual_CntUp_CmpA_PwmA</name>
         <load_address>0x3f746b</load_address>
         <run_address>0x3f746b</run_address>
         <size>0x9</size>
         <input_file_ref idref="fl-39"/>
      </object_component>
      <object_component id="oc-196">
         <name>.text:_PWM_setActionQual_CntUp_CmpA_PwmB</name>
         <load_address>0x3f7474</load_address>
         <run_address>0x3f7474</run_address>
         <size>0x9</size>
         <input_file_ref idref="fl-39"/>
      </object_component>
      <object_component id="oc-1a0">
         <name>.text:_PWM_setSocAPeriod</name>
         <load_address>0x3f747d</load_address>
         <run_address>0x3f747d</run_address>
         <size>0x9</size>
         <input_file_ref idref="fl-39"/>
      </object_component>
      <object_component id="oc-19f">
         <name>.text:_PWM_setSocAPulseSrc</name>
         <load_address>0x3f7486</load_address>
         <run_address>0x3f7486</run_address>
         <size>0x9</size>
         <input_file_ref idref="fl-39"/>
      </object_component>
      <object_component id="oc-1ce">
         <name>.text:_WDOG_enable</name>
         <load_address>0x3f748f</load_address>
         <run_address>0x3f748f</run_address>
         <size>0x9</size>
         <input_file_ref idref="fl-3b"/>
      </object_component>
      <object_component id="oc-1cf">
         <name>.text</name>
         <load_address>0x3f7498</load_address>
         <run_address>0x3f7498</run_address>
         <size>0x9</size>
         <input_file_ref idref="fl-4c"/>
      </object_component>
      <object_component id="oc-1a3">
         <name>.text:_CLK_init</name>
         <load_address>0x3f74a1</load_address>
         <run_address>0x3f74a1</run_address>
         <size>0x8</size>
         <input_file_ref idref="fl-32"/>
      </object_component>
      <object_component id="oc-1a5">
         <name>.text:_FLASH_init</name>
         <load_address>0x3f74a9</load_address>
         <run_address>0x3f74a9</run_address>
         <size>0x8</size>
         <input_file_ref idref="fl-34"/>
      </object_component>
      <object_component id="oc-1a6">
         <name>.text:_GPIO_init</name>
         <load_address>0x3f74b1</load_address>
         <run_address>0x3f74b1</run_address>
         <size>0x8</size>
         <input_file_ref idref="fl-35"/>
      </object_component>
      <object_component id="oc-1a8">
         <name>.text:_PLL_init</name>
         <load_address>0x3f74b9</load_address>
         <run_address>0x3f74b9</run_address>
         <size>0x8</size>
         <input_file_ref idref="fl-38"/>
      </object_component>
      <object_component id="oc-1a9">
         <name>.text:_PWM_init</name>
         <load_address>0x3f74c1</load_address>
         <run_address>0x3f74c1</run_address>
         <size>0x8</size>
         <input_file_ref idref="fl-39"/>
      </object_component>
      <object_component id="oc-1ab">
         <name>.text:_TIMER_init</name>
         <load_address>0x3f74c9</load_address>
         <run_address>0x3f74c9</run_address>
         <size>0x8</size>
         <input_file_ref idref="fl-3a"/>
      </object_component>
      <object_component id="oc-1cd">
         <name>.text:_WDOG_clearCounter</name>
         <load_address>0x3f74d1</load_address>
         <run_address>0x3f74d1</run_address>
         <size>0x8</size>
         <input_file_ref idref="fl-3b"/>
      </object_component>
      <object_component id="oc-1ac">
         <name>.text:_WDOG_disable</name>
         <load_address>0x3f74d9</load_address>
         <run_address>0x3f74d9</run_address>
         <size>0x8</size>
         <input_file_ref idref="fl-3b"/>
      </object_component>
      <object_component id="oc-1aa">
         <name>.text:_WDOG_init</name>
         <load_address>0x3f74e1</load_address>
         <run_address>0x3f74e1</run_address>
         <size>0x8</size>
         <input_file_ref idref="fl-3b"/>
      </object_component>
      <object_component id="oc-187">
         <name>.text:_CLK_disableTbClockSync</name>
         <load_address>0x3f74e9</load_address>
         <run_address>0x3f74e9</run_address>
         <size>0x7</size>
         <input_file_ref idref="fl-32"/>
      </object_component>
      <object_component id="oc-1ad">
         <name>.text:_CLK_enableAdcClock</name>
         <load_address>0x3f74f0</load_address>
         <run_address>0x3f74f0</run_address>
         <size>0x7</size>
         <input_file_ref idref="fl-32"/>
      </object_component>
      <object_component id="oc-1a1">
         <name>.text:_CLK_enableTbClockSync</name>
         <load_address>0x3f74f7</load_address>
         <run_address>0x3f74f7</run_address>
         <size>0x7</size>
         <input_file_ref idref="fl-32"/>
      </object_component>
      <object_component id="oc-1ae">
         <name>.text:_CLK_setOscSrc</name>
         <load_address>0x3f74fe</load_address>
         <run_address>0x3f74fe</run_address>
         <size>0x7</size>
         <input_file_ref idref="fl-32"/>
      </object_component>
      <object_component id="oc-1d2">
         <name>.text:_PLL_setDivider</name>
         <load_address>0x3f7505</load_address>
         <run_address>0x3f7505</run_address>
         <size>0x7</size>
         <input_file_ref idref="fl-38"/>
      </object_component>
      <object_component id="oc-197">
         <name>.text:_PWM_setActionQual_Zero_PwmA</name>
         <load_address>0x3f750c</load_address>
         <run_address>0x3f750c</run_address>
         <size>0x7</size>
         <input_file_ref idref="fl-39"/>
      </object_component>
      <object_component id="oc-195">
         <name>.text:_PWM_setActionQual_Zero_PwmB</name>
         <load_address>0x3f7513</load_address>
         <run_address>0x3f7513</run_address>
         <size>0x7</size>
         <input_file_ref idref="fl-39"/>
      </object_component>
      <object_component id="oc-19b">
         <name>.text:_PWM_setDeadBandInputMode</name>
         <load_address>0x3f751a</load_address>
         <run_address>0x3f751a</run_address>
         <size>0x7</size>
         <input_file_ref idref="fl-39"/>
      </object_component>
      <object_component id="oc-199">
         <name>.text:_PWM_setDeadBandOutputMode</name>
         <load_address>0x3f7521</load_address>
         <run_address>0x3f7521</run_address>
         <size>0x7</size>
         <input_file_ref idref="fl-39"/>
      </object_component>
      <object_component id="oc-19a">
         <name>.text:_PWM_setDeadBandPolarity</name>
         <load_address>0x3f7528</load_address>
         <run_address>0x3f7528</run_address>
         <size>0x7</size>
         <input_file_ref idref="fl-39"/>
      </object_component>
      <object_component id="oc-1d3">
         <name>.text:_PLL_setMultiplier</name>
         <load_address>0x3f752f</load_address>
         <run_address>0x3f752f</run_address>
         <size>0x6</size>
         <input_file_ref idref="fl-38"/>
      </object_component>
      <object_component id="oc-194">
         <name>.text:_PWM_setLoadMode_CmpB</name>
         <load_address>0x3f7535</load_address>
         <run_address>0x3f7535</run_address>
         <size>0x6</size>
         <input_file_ref idref="fl-39"/>
      </object_component>
      <object_component id="oc-191">
         <name>.text:_PWM_setShadowMode_CmpA</name>
         <load_address>0x3f753b</load_address>
         <run_address>0x3f753b</run_address>
         <size>0x6</size>
         <input_file_ref idref="fl-39"/>
      </object_component>
      <object_component id="oc-192">
         <name>.text:_PWM_setShadowMode_CmpB</name>
         <load_address>0x3f7541</load_address>
         <run_address>0x3f7541</run_address>
         <size>0x6</size>
         <input_file_ref idref="fl-39"/>
      </object_component>
      <object_component id="oc-1c2">
         <name>.text:_TIMER_setEmulationMode</name>
         <load_address>0x3f7547</load_address>
         <run_address>0x3f7547</run_address>
         <size>0x6</size>
         <input_file_ref idref="fl-3a"/>
      </object_component>
      <object_component id="oc-1c7">
         <name>.text:_WDOG_enableInt</name>
         <load_address>0x3f754d</load_address>
         <run_address>0x3f754d</run_address>
         <size>0x6</size>
         <input_file_ref idref="fl-3b"/>
      </object_component>
      <object_component id="oc-f3">
         <name>.text:_ADCINT1_ISR</name>
         <load_address>0x3f7553</load_address>
         <run_address>0x3f7553</run_address>
         <size>0x5</size>
         <input_file_ref idref="fl-37"/>
      </object_component>
      <object_component id="oc-f4">
         <name>.text:_ADCINT2_ISR</name>
         <load_address>0x3f7558</load_address>
         <run_address>0x3f7558</run_address>
         <size>0x5</size>
         <input_file_ref idref="fl-37"/>
      </object_component>
      <object_component id="oc-109">
         <name>.text:_ADCINT3_ISR</name>
         <load_address>0x3f755d</load_address>
         <run_address>0x3f755d</run_address>
         <size>0x5</size>
         <input_file_ref idref="fl-37"/>
      </object_component>
      <object_component id="oc-10a">
         <name>.text:_ADCINT4_ISR</name>
         <load_address>0x3f7562</load_address>
         <run_address>0x3f7562</run_address>
         <size>0x5</size>
         <input_file_ref idref="fl-37"/>
      </object_component>
      <object_component id="oc-10b">
         <name>.text:_ADCINT5_ISR</name>
         <load_address>0x3f7567</load_address>
         <run_address>0x3f7567</run_address>
         <size>0x5</size>
         <input_file_ref idref="fl-37"/>
      </object_component>
      <object_component id="oc-10c">
         <name>.text:_ADCINT6_ISR</name>
         <load_address>0x3f756c</load_address>
         <run_address>0x3f756c</run_address>
         <size>0x5</size>
         <input_file_ref idref="fl-37"/>
      </object_component>
      <object_component id="oc-10d">
         <name>.text:_ADCINT7_ISR</name>
         <load_address>0x3f7571</load_address>
         <run_address>0x3f7571</run_address>
         <size>0x5</size>
         <input_file_ref idref="fl-37"/>
      </object_component>
      <object_component id="oc-10e">
         <name>.text:_ADCINT8_ISR</name>
         <load_address>0x3f7576</load_address>
         <run_address>0x3f7576</run_address>
         <size>0x5</size>
         <input_file_ref idref="fl-37"/>
      </object_component>
      <object_component id="oc-f7">
         <name>.text:_ADCINT9_ISR</name>
         <load_address>0x3f757b</load_address>
         <run_address>0x3f757b</run_address>
         <size>0x5</size>
         <input_file_ref idref="fl-37"/>
      </object_component>
      <object_component id="oc-e2">
         <name>.text:_DATALOG_ISR</name>
         <load_address>0x3f7580</load_address>
         <run_address>0x3f7580</run_address>
         <size>0x5</size>
         <input_file_ref idref="fl-37"/>
      </object_component>
      <object_component id="oc-102">
         <name>.text:_ECAP1_INT_ISR</name>
         <load_address>0x3f7585</load_address>
         <run_address>0x3f7585</run_address>
         <size>0x5</size>
         <input_file_ref idref="fl-37"/>
      </object_component>
      <object_component id="oc-110">
         <name>.text:_EMPTY_ISR</name>
         <load_address>0x3f758a</load_address>
         <run_address>0x3f758a</run_address>
         <size>0x5</size>
         <input_file_ref idref="fl-37"/>
      </object_component>
      <object_component id="oc-e4">
         <name>.text:_EMUINT_ISR</name>
         <load_address>0x3f758f</load_address>
         <run_address>0x3f758f</run_address>
         <size>0x5</size>
         <input_file_ref idref="fl-37"/>
      </object_component>
      <object_component id="oc-fe">
         <name>.text:_EPWM1_INT_ISR</name>
         <load_address>0x3f7594</load_address>
         <run_address>0x3f7594</run_address>
         <size>0x5</size>
         <input_file_ref idref="fl-37"/>
      </object_component>
      <object_component id="oc-fa">
         <name>.text:_EPWM1_TZINT_ISR</name>
         <load_address>0x3f7599</load_address>
         <run_address>0x3f7599</run_address>
         <size>0x5</size>
         <input_file_ref idref="fl-37"/>
      </object_component>
      <object_component id="oc-ff">
         <name>.text:_EPWM2_INT_ISR</name>
         <load_address>0x3f759e</load_address>
         <run_address>0x3f759e</run_address>
         <size>0x5</size>
         <input_file_ref idref="fl-37"/>
      </object_component>
      <object_component id="oc-fb">
         <name>.text:_EPWM2_TZINT_ISR</name>
         <load_address>0x3f75a3</load_address>
         <run_address>0x3f75a3</run_address>
         <size>0x5</size>
         <input_file_ref idref="fl-37"/>
      </object_component>
      <object_component id="oc-100">
         <name>.text:_EPWM3_INT_ISR</name>
         <load_address>0x3f75a8</load_address>
         <run_address>0x3f75a8</run_address>
         <size>0x5</size>
         <input_file_ref idref="fl-37"/>
      </object_component>
      <object_component id="oc-fc">
         <name>.text:_EPWM3_TZINT_ISR</name>
         <load_address>0x3f75ad</load_address>
         <run_address>0x3f75ad</run_address>
         <size>0x5</size>
         <input_file_ref idref="fl-37"/>
      </object_component>
      <object_component id="oc-101">
         <name>.text:_EPWM4_INT_ISR</name>
         <load_address>0x3f75b2</load_address>
         <run_address>0x3f75b2</run_address>
         <size>0x5</size>
         <input_file_ref idref="fl-37"/>
      </object_component>
      <object_component id="oc-fd">
         <name>.text:_EPWM4_TZINT_ISR</name>
         <load_address>0x3f75b7</load_address>
         <run_address>0x3f75b7</run_address>
         <size>0x5</size>
         <input_file_ref idref="fl-37"/>
      </object_component>
      <object_component id="oc-105">
         <name>.text:_I2CINT1A_ISR</name>
         <load_address>0x3f75bc</load_address>
         <run_address>0x3f75bc</run_address>
         <size>0x5</size>
         <input_file_ref idref="fl-37"/>
      </object_component>
      <object_component id="oc-106">
         <name>.text:_I2CINT2A_ISR</name>
         <load_address>0x3f75c1</load_address>
         <run_address>0x3f75c1</run_address>
         <size>0x5</size>
         <input_file_ref idref="fl-37"/>
      </object_component>
      <object_component id="oc-e6">
         <name>.text:_ILLEGAL_ISR</name>
         <load_address>0x3f75c6</load_address>
         <run_address>0x3f75c6</run_address>
         <size>0x5</size>
         <input_file_ref idref="fl-37"/>
      </object_component>
      <object_component id="oc-e0">
         <name>.text:_INT13_ISR</name>
         <load_address>0x3f75cb</load_address>
         <run_address>0x3f75cb</run_address>
         <size>0x5</size>
         <input_file_ref idref="fl-37"/>
      </object_component>
      <object_component id="oc-e1">
         <name>.text:_INT14_ISR</name>
         <load_address>0x3f75d0</load_address>
         <run_address>0x3f75d0</run_address>
         <size>0x5</size>
         <input_file_ref idref="fl-37"/>
      </object_component>
      <object_component id="oc-e5">
         <name>.text:_NMI_ISR</name>
         <load_address>0x3f75d5</load_address>
         <run_address>0x3f75d5</run_address>
         <size>0x5</size>
         <input_file_ref idref="fl-37"/>
      </object_component>
      <object_component id="oc-111">
         <name>.text:_PIE_RESERVED</name>
         <load_address>0x3f75da</load_address>
         <run_address>0x3f75da</run_address>
         <size>0x5</size>
         <input_file_ref idref="fl-37"/>
      </object_component>
      <object_component id="oc-da">
         <name>.text:_PIE_illegalIsr</name>
         <load_address>0x3f75df</load_address>
         <run_address>0x3f75df</run_address>
         <size>0x5</size>
         <input_file_ref idref="fl-36"/>
      </object_component>
      <object_component id="oc-e3">
         <name>.text:_RTOSINT_ISR</name>
         <load_address>0x3f75e4</load_address>
         <run_address>0x3f75e4</run_address>
         <size>0x5</size>
         <input_file_ref idref="fl-37"/>
      </object_component>
      <object_component id="oc-107">
         <name>.text:_SCIRXINTA_ISR</name>
         <load_address>0x3f75e9</load_address>
         <run_address>0x3f75e9</run_address>
         <size>0x5</size>
         <input_file_ref idref="fl-37"/>
      </object_component>
      <object_component id="oc-108">
         <name>.text:_SCITXINTA_ISR</name>
         <load_address>0x3f75ee</load_address>
         <run_address>0x3f75ee</run_address>
         <size>0x5</size>
         <input_file_ref idref="fl-37"/>
      </object_component>
      <object_component id="oc-103">
         <name>.text:_SPIRXINTA_ISR</name>
         <load_address>0x3f75f3</load_address>
         <run_address>0x3f75f3</run_address>
         <size>0x5</size>
         <input_file_ref idref="fl-37"/>
      </object_component>
      <object_component id="oc-104">
         <name>.text:_SPITXINTA_ISR</name>
         <load_address>0x3f75f8</load_address>
         <run_address>0x3f75f8</run_address>
         <size>0x5</size>
         <input_file_ref idref="fl-37"/>
      </object_component>
      <object_component id="oc-f8">
         <name>.text:_TINT0_ISR</name>
         <load_address>0x3f75fd</load_address>
         <run_address>0x3f75fd</run_address>
         <size>0x5</size>
         <input_file_ref idref="fl-37"/>
      </object_component>
      <object_component id="oc-f0">
         <name>.text:_USER10_ISR</name>
         <load_address>0x3f7602</load_address>
         <run_address>0x3f7602</run_address>
         <size>0x5</size>
         <input_file_ref idref="fl-37"/>
      </object_component>
      <object_component id="oc-f1">
         <name>.text:_USER11_ISR</name>
         <load_address>0x3f7607</load_address>
         <run_address>0x3f7607</run_address>
         <size>0x5</size>
         <input_file_ref idref="fl-37"/>
      </object_component>
      <object_component id="oc-f2">
         <name>.text:_USER12_ISR</name>
         <load_address>0x3f760c</load_address>
         <run_address>0x3f760c</run_address>
         <size>0x5</size>
         <input_file_ref idref="fl-37"/>
      </object_component>
      <object_component id="oc-e7">
         <name>.text:_USER1_ISR</name>
         <load_address>0x3f7611</load_address>
         <run_address>0x3f7611</run_address>
         <size>0x5</size>
         <input_file_ref idref="fl-37"/>
      </object_component>
      <object_component id="oc-e8">
         <name>.text:_USER2_ISR</name>
         <load_address>0x3f7616</load_address>
         <run_address>0x3f7616</run_address>
         <size>0x5</size>
         <input_file_ref idref="fl-37"/>
      </object_component>
      <object_component id="oc-e9">
         <name>.text:_USER3_ISR</name>
         <load_address>0x3f761b</load_address>
         <run_address>0x3f761b</run_address>
         <size>0x5</size>
         <input_file_ref idref="fl-37"/>
      </object_component>
      <object_component id="oc-ea">
         <name>.text:_USER4_ISR</name>
         <load_address>0x3f7620</load_address>
         <run_address>0x3f7620</run_address>
         <size>0x5</size>
         <input_file_ref idref="fl-37"/>
      </object_component>
      <object_component id="oc-eb">
         <name>.text:_USER5_ISR</name>
         <load_address>0x3f7625</load_address>
         <run_address>0x3f7625</run_address>
         <size>0x5</size>
         <input_file_ref idref="fl-37"/>
      </object_component>
      <object_component id="oc-ec">
         <name>.text:_USER6_ISR</name>
         <load_address>0x3f762a</load_address>
         <run_address>0x3f762a</run_address>
         <size>0x5</size>
         <input_file_ref idref="fl-37"/>
      </object_component>
      <object_component id="oc-ed">
         <name>.text:_USER7_ISR</name>
         <load_address>0x3f762f</load_address>
         <run_address>0x3f762f</run_address>
         <size>0x5</size>
         <input_file_ref idref="fl-37"/>
      </object_component>
      <object_component id="oc-ee">
         <name>.text:_USER8_ISR</name>
         <load_address>0x3f7634</load_address>
         <run_address>0x3f7634</run_address>
         <size>0x5</size>
         <input_file_ref idref="fl-37"/>
      </object_component>
      <object_component id="oc-ef">
         <name>.text:_USER9_ISR</name>
         <load_address>0x3f7639</load_address>
         <run_address>0x3f7639</run_address>
         <size>0x5</size>
         <input_file_ref idref="fl-37"/>
      </object_component>
      <object_component id="oc-f9">
         <name>.text:_WAKEINT_ISR</name>
         <load_address>0x3f763e</load_address>
         <run_address>0x3f763e</run_address>
         <size>0x5</size>
         <input_file_ref idref="fl-37"/>
      </object_component>
      <object_component id="oc-f5">
         <name>.text:_XINT1_ISR</name>
         <load_address>0x3f7643</load_address>
         <run_address>0x3f7643</run_address>
         <size>0x5</size>
         <input_file_ref idref="fl-37"/>
      </object_component>
      <object_component id="oc-f6">
         <name>.text:_XINT2_ISR</name>
         <load_address>0x3f7648</load_address>
         <run_address>0x3f7648</run_address>
         <size>0x5</size>
         <input_file_ref idref="fl-37"/>
      </object_component>
      <object_component id="oc-10f">
         <name>.text:_XINT3_ISR</name>
         <load_address>0x3f764d</load_address>
         <run_address>0x3f764d</run_address>
         <size>0x5</size>
         <input_file_ref idref="fl-37"/>
      </object_component>
      <object_component id="oc-112">
         <name>.text:_rsvd_ISR</name>
         <load_address>0x3f7652</load_address>
         <run_address>0x3f7652</run_address>
         <size>0x5</size>
         <input_file_ref idref="fl-37"/>
      </object_component>
      <object_component id="oc-1c5">
         <name>.text:_CPU_enableInt</name>
         <load_address>0x3f7657</load_address>
         <run_address>0x3f7657</run_address>
         <size>0x4</size>
         <input_file_ref idref="fl-33"/>
      </object_component>
      <object_component id="oc-1a4">
         <name>.text:_CPU_init</name>
         <load_address>0x3f765b</load_address>
         <run_address>0x3f765b</run_address>
         <size>0x4</size>
         <input_file_ref idref="fl-33"/>
      </object_component>
      <object_component id="oc-19e">
         <name>.text:_PWM_enableSocAPulse</name>
         <load_address>0x3f765f</load_address>
         <run_address>0x3f765f</run_address>
         <size>0x4</size>
         <input_file_ref idref="fl-39"/>
      </object_component>
      <object_component id="oc-190">
         <name>.text:_PWM_setClkDiv</name>
         <load_address>0x3f7663</load_address>
         <run_address>0x3f7663</run_address>
         <size>0x4</size>
         <input_file_ref idref="fl-39"/>
      </object_component>
      <object_component id="oc-18a">
         <name>.text:_PWM_setCounterMode</name>
         <load_address>0x3f7667</load_address>
         <run_address>0x3f7667</run_address>
         <size>0x4</size>
         <input_file_ref idref="fl-39"/>
      </object_component>
      <object_component id="oc-18f">
         <name>.text:_PWM_setHighSpeedClkDiv</name>
         <load_address>0x3f766b</load_address>
         <run_address>0x3f766b</run_address>
         <size>0x4</size>
         <input_file_ref idref="fl-39"/>
      </object_component>
      <object_component id="oc-193">
         <name>.text:_PWM_setLoadMode_CmpA</name>
         <load_address>0x3f766f</load_address>
         <run_address>0x3f766f</run_address>
         <size>0x4</size>
         <input_file_ref idref="fl-39"/>
      </object_component>
      <object_component id="oc-1b3">
         <name>.text:_CPU_clearIntFlags</name>
         <load_address>0x3f7673</load_address>
         <run_address>0x3f7673</run_address>
         <size>0x3</size>
         <input_file_ref idref="fl-33"/>
      </object_component>
      <object_component id="oc-1b2">
         <name>.text:_CPU_disableGlobalInts</name>
         <load_address>0x3f7676</load_address>
         <run_address>0x3f7676</run_address>
         <size>0x3</size>
         <input_file_ref idref="fl-33"/>
      </object_component>
      <object_component id="oc-1cb">
         <name>.text:_CPU_enableDebugInt</name>
         <load_address>0x3f7679</load_address>
         <run_address>0x3f7679</run_address>
         <size>0x3</size>
         <input_file_ref idref="fl-33"/>
      </object_component>
      <object_component id="oc-1ca">
         <name>.text:_CPU_enableGlobalInts</name>
         <load_address>0x3f767c</load_address>
         <run_address>0x3f767c</run_address>
         <size>0x3</size>
         <input_file_ref idref="fl-33"/>
      </object_component>
      <object_component id="oc-1b0">
         <name>.text:_PIE_disable</name>
         <load_address>0x3f767f</load_address>
         <run_address>0x3f767f</run_address>
         <size>0x3</size>
         <input_file_ref idref="fl-36"/>
      </object_component>
      <object_component id="oc-1b5">
         <name>.text:_PIE_enable</name>
         <load_address>0x3f7682</load_address>
         <run_address>0x3f7682</run_address>
         <size>0x3</size>
         <input_file_ref idref="fl-36"/>
      </object_component>
      <object_component id="oc-1d1">
         <name>.text:_PLL_getClkStatus</name>
         <load_address>0x3f7685</load_address>
         <run_address>0x3f7685</run_address>
         <size>0x3</size>
         <input_file_ref idref="fl-38"/>
      </object_component>
      <object_component id="oc-1d4">
         <name>.text:_PLL_getLockStatus</name>
         <load_address>0x3f7688</load_address>
         <run_address>0x3f7688</run_address>
         <size>0x3</size>
         <input_file_ref idref="fl-38"/>
      </object_component>
      <object_component id="oc-18c">
         <name>.text:_PWM_disableCounterLoad</name>
         <load_address>0x3f768b</load_address>
         <run_address>0x3f768b</run_address>
         <size>0x3</size>
         <input_file_ref idref="fl-39"/>
      </object_component>
      <object_component id="oc-189">
         <name>.text:_PWM_enableCounterLoad</name>
         <load_address>0x3f768e</load_address>
         <run_address>0x3f768e</run_address>
         <size>0x3</size>
         <input_file_ref idref="fl-39"/>
      </object_component>
      <object_component id="oc-19d">
         <name>.text:_PWM_setDeadBandFallingEdgeDelay</name>
         <load_address>0x3f7691</load_address>
         <run_address>0x3f7691</run_address>
         <size>0x3</size>
         <input_file_ref idref="fl-39"/>
      </object_component>
      <object_component id="oc-19c">
         <name>.text:_PWM_setDeadBandRisingEdgeDelay</name>
         <load_address>0x3f7694</load_address>
         <run_address>0x3f7694</run_address>
         <size>0x3</size>
         <input_file_ref idref="fl-39"/>
      </object_component>
      <object_component id="oc-1c3">
         <name>.text:_TIMER_enableInt</name>
         <load_address>0x3f7697</load_address>
         <run_address>0x3f7697</run_address>
         <size>0x3</size>
         <input_file_ref idref="fl-3a"/>
      </object_component>
      <object_component id="oc-1c1">
         <name>.text:_TIMER_reload</name>
         <load_address>0x3f769a</load_address>
         <run_address>0x3f769a</run_address>
         <size>0x3</size>
         <input_file_ref idref="fl-3a"/>
      </object_component>
      <object_component id="oc-1c4">
         <name>.text:_TIMER_start</name>
         <load_address>0x3f769d</load_address>
         <run_address>0x3f769d</run_address>
         <size>0x3</size>
         <input_file_ref idref="fl-3a"/>
      </object_component>
      <object_component id="oc-1be">
         <name>.text:_TIMER_stop</name>
         <load_address>0x3f76a0</load_address>
         <run_address>0x3f76a0</run_address>
         <size>0x3</size>
         <input_file_ref idref="fl-3a"/>
      </object_component>
      <object_component id="oc-18e">
         <name>.text:_PWM_setCount</name>
         <load_address>0x3f76a3</load_address>
         <run_address>0x3f76a3</run_address>
         <size>0x2</size>
         <input_file_ref idref="fl-39"/>
      </object_component>
      <object_component id="oc-18b">
         <name>.text:_PWM_setPeriod</name>
         <load_address>0x3f76a5</load_address>
         <run_address>0x3f76a5</run_address>
         <size>0x2</size>
         <input_file_ref idref="fl-39"/>
      </object_component>
      <object_component id="oc-18d">
         <name>.text:_PWM_setPhase</name>
         <load_address>0x3f76a7</load_address>
         <run_address>0x3f76a7</run_address>
         <size>0x2</size>
         <input_file_ref idref="fl-39"/>
      </object_component>
      <object_component id="oc-1bf">
         <name>.text:_TIMER_setPeriod</name>
         <load_address>0x3f76a9</load_address>
         <run_address>0x3f76a9</run_address>
         <size>0x2</size>
         <input_file_ref idref="fl-3a"/>
      </object_component>
      <object_component id="oc-16c">
         <name>.text</name>
         <load_address>0x3f76ab</load_address>
         <run_address>0x3f76ab</run_address>
         <size>0x2</size>
         <input_file_ref idref="fl-49"/>
      </object_component>
      <object_component id="oc-88">
         <name>.text</name>
         <load_address>0x3f6000</load_address>
         <run_address>0x8000</run_address>
         <size>0x83</size>
         <input_file_ref idref="fl-26"/>
      </object_component>
      <object_component id="oc-8d">
         <name>.text</name>
         <load_address>0x3f6083</load_address>
         <run_address>0x8083</run_address>
         <size>0x1f</size>
         <input_file_ref idref="fl-27"/>
      </object_component>
      <object_component id="oc-a1">
         <name>.text</name>
         <load_address>0x3f60a2</load_address>
         <run_address>0x80a2</run_address>
         <size>0x5a</size>
         <input_file_ref idref="fl-2b"/>
      </object_component>
      <object_component id="oc-172">
         <name>.text:_GPIO_setHigh</name>
         <load_address>0x3f60fc</load_address>
         <run_address>0x80fc</run_address>
         <size>0x14</size>
         <input_file_ref idref="fl-35"/>
      </object_component>
      <object_component id="oc-171">
         <name>.text:_GPIO_setLow</name>
         <load_address>0x3f6110</load_address>
         <run_address>0x8110</run_address>
         <size>0x14</size>
         <input_file_ref idref="fl-35"/>
      </object_component>
      <object_component id="oc-7d">
         <name>Func1:retain</name>
         <load_address>0x3f6124</load_address>
         <run_address>0x8124</run_address>
         <size>0x197</size>
         <input_file_ref idref="fl-12"/>
      </object_component>
      <object_component id="oc-174">
         <name>Func1</name>
         <load_address>0x3f62bb</load_address>
         <run_address>0x82bb</run_address>
         <size>0xdc</size>
         <input_file_ref idref="fl-12"/>
      </object_component>
      <object_component id="oc-141">
         <name>.stack</name>
         <uninitialized>true</uninitialized>
         <run_address>0x50</run_address>
         <size>0x0</size>
         <input_file_ref idref="fl-46"/>
      </object_component>
      <object_component id="oc-21b">
         <name>.stack</name>
         <uninitialized>true</uninitialized>
         <run_address>0x50</run_address>
         <size>0x0</size>
      </object_component>
      <object_component id="oc-7b">
         <name>.ebss</name>
         <uninitialized>true</uninitialized>
         <run_address>0x8800</run_address>
         <size>0x2a4</size>
         <input_file_ref idref="fl-12"/>
      </object_component>
      <object_component id="oc-ca">
         <name>.ebss</name>
         <uninitialized>true</uninitialized>
         <run_address>0x8aae</run_address>
         <size>0x1</size>
         <input_file_ref idref="fl-33"/>
      </object_component>
      <object_component id="oc-15d">
         <name>.ebss</name>
         <uninitialized>true</uninitialized>
         <run_address>0x8aa4</run_address>
         <size>0x6</size>
         <input_file_ref idref="fl-4b"/>
      </object_component>
      <object_component id="oc-1d6">
         <name>.ebss:__unlock</name>
         <uninitialized>true</uninitialized>
         <run_address>0x8aac</run_address>
         <size>0x2</size>
         <input_file_ref idref="fl-4c"/>
      </object_component>
      <object_component id="oc-178">
         <name>.ebss:__lock</name>
         <uninitialized>true</uninitialized>
         <run_address>0x8aaa</run_address>
         <size>0x2</size>
         <input_file_ref idref="fl-4c"/>
      </object_component>
      <object_component id="oc-1d5">
         <name>.econst:_PIE_tableDebugInit</name>
         <load_address>0x3f6398</load_address>
         <run_address>0x3f6398</run_address>
         <size>0x100</size>
         <input_file_ref idref="fl-36"/>
      </object_component>
      <object_component id="oc-74">
         <name>.econst</name>
         <load_address>0x3f6498</load_address>
         <run_address>0x3f6498</run_address>
         <size>0x4</size>
         <input_file_ref idref="fl-11"/>
      </object_component>
      <object_component id="oc-7e">
         <name>.econst</name>
         <load_address>0x3f649c</load_address>
         <run_address>0x3f649c</run_address>
         <size>0x4</size>
         <input_file_ref idref="fl-12"/>
      </object_component>
      <object_component id="oc-132">
         <name>IQmath</name>
         <load_address>0x3f64a0</load_address>
         <run_address>0x400</run_address>
         <size>0x60</size>
         <input_file_ref idref="fl-3f"/>
      </object_component>
      <object_component id="oc-12b">
         <name>IQmath</name>
         <load_address>0x3f6500</load_address>
         <run_address>0x460</run_address>
         <size>0x47</size>
         <input_file_ref idref="fl-3c"/>
      </object_component>
      <object_component id="oc-140">
         <name>IQmath</name>
         <load_address>0x3f6547</load_address>
         <run_address>0x4a7</run_address>
         <size>0x31</size>
         <input_file_ref idref="fl-45"/>
      </object_component>
      <object_component id="oc-139">
         <name>IQmath</name>
         <load_address>0x3f6578</load_address>
         <run_address>0x4d8</run_address>
         <size>0x2f</size>
         <input_file_ref idref="fl-42"/>
      </object_component>
      <object_component id="oc-142">
         <name>.reset</name>
         <load_address>0x3fffc0</load_address>
         <run_address>0x3fffc0</run_address>
         <size>0x2</size>
         <input_file_ref idref="fl-46"/>
      </object_component>
      <object_component id="oc-50">
         <name>.debug_info</name>
         <load_address>0x0</load_address>
         <run_address>0x0</run_address>
         <size>0x5fd</size>
         <input_file_ref idref="fl-a"/>
      </object_component>
      <object_component id="oc-56">
         <name>.debug_info</name>
         <load_address>0x5fd</load_address>
         <run_address>0x5fd</run_address>
         <size>0xdd</size>
         <input_file_ref idref="fl-b"/>
      </object_component>
      <object_component id="oc-5a">
         <name>.debug_info</name>
         <load_address>0x6da</load_address>
         <run_address>0x6da</run_address>
         <size>0x4be</size>
         <input_file_ref idref="fl-c"/>
      </object_component>
      <object_component id="oc-60">
         <name>.debug_info</name>
         <load_address>0xb98</load_address>
         <run_address>0xb98</run_address>
         <size>0xdd</size>
         <input_file_ref idref="fl-d"/>
      </object_component>
      <object_component id="oc-64">
         <name>.debug_info</name>
         <load_address>0xc75</load_address>
         <run_address>0xc75</run_address>
         <size>0x6a8</size>
         <input_file_ref idref="fl-e"/>
      </object_component>
      <object_component id="oc-6a">
         <name>.debug_info</name>
         <load_address>0x131d</load_address>
         <run_address>0x131d</run_address>
         <size>0xde</size>
         <input_file_ref idref="fl-f"/>
      </object_component>
      <object_component id="oc-6e">
         <name>.debug_info</name>
         <load_address>0x13fb</load_address>
         <run_address>0x13fb</run_address>
         <size>0x472</size>
         <input_file_ref idref="fl-10"/>
      </object_component>
      <object_component id="oc-73">
         <name>.debug_info</name>
         <load_address>0x186d</load_address>
         <run_address>0x186d</run_address>
         <size>0xab8</size>
         <input_file_ref idref="fl-11"/>
      </object_component>
      <object_component id="oc-79">
         <name>.debug_info</name>
         <load_address>0x2325</load_address>
         <run_address>0x2325</run_address>
         <size>0x9493</size>
         <input_file_ref idref="fl-12"/>
      </object_component>
      <object_component id="oc-83">
         <name>.debug_info</name>
         <load_address>0xb7b8</load_address>
         <run_address>0xb7b8</run_address>
         <size>0x3f9</size>
         <input_file_ref idref="fl-13"/>
      </object_component>
      <object_component id="oc-89">
         <name>.debug_info</name>
         <load_address>0xbbb1</load_address>
         <run_address>0xbbb1</run_address>
         <size>0x10c</size>
         <input_file_ref idref="fl-26"/>
      </object_component>
      <object_component id="oc-8e">
         <name>.debug_info</name>
         <load_address>0xbcbd</load_address>
         <run_address>0xbcbd</run_address>
         <size>0x10c</size>
         <input_file_ref idref="fl-27"/>
      </object_component>
      <object_component id="oc-93">
         <name>.debug_info</name>
         <load_address>0xbdc9</load_address>
         <run_address>0xbdc9</run_address>
         <size>0x10c</size>
         <input_file_ref idref="fl-28"/>
      </object_component>
      <object_component id="oc-98">
         <name>.debug_info</name>
         <load_address>0xbed5</load_address>
         <run_address>0xbed5</run_address>
         <size>0x10c</size>
         <input_file_ref idref="fl-29"/>
      </object_component>
      <object_component id="oc-9d">
         <name>.debug_info</name>
         <load_address>0xbfe1</load_address>
         <run_address>0xbfe1</run_address>
         <size>0x10c</size>
         <input_file_ref idref="fl-2a"/>
      </object_component>
      <object_component id="oc-a2">
         <name>.debug_info</name>
         <load_address>0xc0ed</load_address>
         <run_address>0xc0ed</run_address>
         <size>0x10c</size>
         <input_file_ref idref="fl-2b"/>
      </object_component>
      <object_component id="oc-a7">
         <name>.debug_info</name>
         <load_address>0xc1f9</load_address>
         <run_address>0xc1f9</run_address>
         <size>0x10f</size>
         <input_file_ref idref="fl-2c"/>
      </object_component>
      <object_component id="oc-ac">
         <name>.debug_info</name>
         <load_address>0xc308</load_address>
         <run_address>0xc308</run_address>
         <size>0x139</size>
         <input_file_ref idref="fl-2d"/>
      </object_component>
      <object_component id="oc-b1">
         <name>.debug_info</name>
         <load_address>0xc441</load_address>
         <run_address>0xc441</run_address>
         <size>0x110</size>
         <input_file_ref idref="fl-2e"/>
      </object_component>
      <object_component id="oc-b6">
         <name>.debug_info</name>
         <load_address>0xc551</load_address>
         <run_address>0xc551</run_address>
         <size>0x116</size>
         <input_file_ref idref="fl-2f"/>
      </object_component>
      <object_component id="oc-bb">
         <name>.debug_info</name>
         <load_address>0xc667</load_address>
         <run_address>0xc667</run_address>
         <size>0x110</size>
         <input_file_ref idref="fl-30"/>
      </object_component>
      <object_component id="oc-bf">
         <name>.debug_info</name>
         <load_address>0xc777</load_address>
         <run_address>0xc777</run_address>
         <size>0x296b</size>
         <input_file_ref idref="fl-31"/>
      </object_component>
      <object_component id="oc-c4">
         <name>.debug_info</name>
         <load_address>0xf0e2</load_address>
         <run_address>0xf0e2</run_address>
         <size>0x1014</size>
         <input_file_ref idref="fl-32"/>
      </object_component>
      <object_component id="oc-c9">
         <name>.debug_info</name>
         <load_address>0x100f6</load_address>
         <run_address>0x100f6</run_address>
         <size>0xa77</size>
         <input_file_ref idref="fl-33"/>
      </object_component>
      <object_component id="oc-cf">
         <name>.debug_info</name>
         <load_address>0x10b6d</load_address>
         <run_address>0x10b6d</run_address>
         <size>0xc8c</size>
         <input_file_ref idref="fl-34"/>
      </object_component>
      <object_component id="oc-d4">
         <name>.debug_info</name>
         <load_address>0x117f9</load_address>
         <run_address>0x117f9</run_address>
         <size>0x1f81</size>
         <input_file_ref idref="fl-35"/>
      </object_component>
      <object_component id="oc-d9">
         <name>.debug_info</name>
         <load_address>0x1377a</load_address>
         <run_address>0x1377a</run_address>
         <size>0x30d6</size>
         <input_file_ref idref="fl-36"/>
      </object_component>
      <object_component id="oc-df">
         <name>.debug_info</name>
         <load_address>0x16850</load_address>
         <run_address>0x16850</run_address>
         <size>0x2d3e</size>
         <input_file_ref idref="fl-37"/>
      </object_component>
      <object_component id="oc-117">
         <name>.debug_info</name>
         <load_address>0x1958e</load_address>
         <run_address>0x1958e</run_address>
         <size>0xd6c</size>
         <input_file_ref idref="fl-38"/>
      </object_component>
      <object_component id="oc-11c">
         <name>.debug_info</name>
         <load_address>0x1a2fa</load_address>
         <run_address>0x1a2fa</run_address>
         <size>0x4169</size>
         <input_file_ref idref="fl-39"/>
      </object_component>
      <object_component id="oc-121">
         <name>.debug_info</name>
         <load_address>0x1e463</load_address>
         <run_address>0x1e463</run_address>
         <size>0xd58</size>
         <input_file_ref idref="fl-3a"/>
      </object_component>
      <object_component id="oc-126">
         <name>.debug_info</name>
         <load_address>0x1f1bb</load_address>
         <run_address>0x1f1bb</run_address>
         <size>0xbf7</size>
         <input_file_ref idref="fl-3b"/>
      </object_component>
      <object_component id="oc-12d">
         <name>.debug_info</name>
         <load_address>0x1fdb2</load_address>
         <run_address>0x1fdb2</run_address>
         <size>0xad</size>
         <input_file_ref idref="fl-3d"/>
      </object_component>
      <object_component id="oc-130">
         <name>.debug_info</name>
         <load_address>0x1fe5f</load_address>
         <run_address>0x1fe5f</run_address>
         <size>0xa5</size>
         <input_file_ref idref="fl-3e"/>
      </object_component>
      <object_component id="oc-134">
         <name>.debug_info</name>
         <load_address>0x1ff04</load_address>
         <run_address>0x1ff04</run_address>
         <size>0xae</size>
         <input_file_ref idref="fl-40"/>
      </object_component>
      <object_component id="oc-137">
         <name>.debug_info</name>
         <load_address>0x1ffb2</load_address>
         <run_address>0x1ffb2</run_address>
         <size>0xa6</size>
         <input_file_ref idref="fl-41"/>
      </object_component>
      <object_component id="oc-13b">
         <name>.debug_info</name>
         <load_address>0x20058</load_address>
         <run_address>0x20058</run_address>
         <size>0xa5</size>
         <input_file_ref idref="fl-43"/>
      </object_component>
      <object_component id="oc-13e">
         <name>.debug_info</name>
         <load_address>0x200fd</load_address>
         <run_address>0x200fd</run_address>
         <size>0xa5</size>
         <input_file_ref idref="fl-44"/>
      </object_component>
      <object_component id="oc-143">
         <name>.debug_info</name>
         <load_address>0x201a2</load_address>
         <run_address>0x201a2</run_address>
         <size>0x16b</size>
         <input_file_ref idref="fl-46"/>
      </object_component>
      <object_component id="oc-147">
         <name>.debug_info</name>
         <load_address>0x2030d</load_address>
         <run_address>0x2030d</run_address>
         <size>0x3ea</size>
         <input_file_ref idref="fl-47"/>
      </object_component>
      <object_component id="oc-14c">
         <name>.debug_info</name>
         <load_address>0x206f7</load_address>
         <run_address>0x206f7</run_address>
         <size>0x32d</size>
         <input_file_ref idref="fl-48"/>
      </object_component>
      <object_component id="oc-151">
         <name>.debug_info</name>
         <load_address>0x20a24</load_address>
         <run_address>0x20a24</run_address>
         <size>0x330</size>
         <input_file_ref idref="fl-49"/>
      </object_component>
      <object_component id="oc-156">
         <name>.debug_info</name>
         <load_address>0x20d54</load_address>
         <run_address>0x20d54</run_address>
         <size>0x4c2</size>
         <input_file_ref idref="fl-4a"/>
      </object_component>
      <object_component id="oc-15b">
         <name>.debug_info</name>
         <load_address>0x21216</load_address>
         <run_address>0x21216</run_address>
         <size>0x4c7</size>
         <input_file_ref idref="fl-4b"/>
      </object_component>
      <object_component id="oc-162">
         <name>.debug_info</name>
         <load_address>0x216dd</load_address>
         <run_address>0x216dd</run_address>
         <size>0x44f</size>
         <input_file_ref idref="fl-4c"/>
      </object_component>
      <object_component id="oc-167">
         <name>.debug_info</name>
         <load_address>0x21b2c</load_address>
         <run_address>0x21b2c</run_address>
         <size>0x3bd</size>
         <input_file_ref idref="fl-4d"/>
      </object_component>
      <object_component id="oc-21e">
         <name>.debug_info</name>
         <load_address>0x21ee9</load_address>
         <run_address>0x21ee9</run_address>
         <size>0x96</size>
      </object_component>
      <object_component id="oc-51">
         <name>.debug_frame</name>
         <load_address>0x0</load_address>
         <run_address>0x0</run_address>
         <size>0x70</size>
         <input_file_ref idref="fl-a"/>
      </object_component>
      <object_component id="oc-5b">
         <name>.debug_frame</name>
         <load_address>0x70</load_address>
         <run_address>0x70</run_address>
         <size>0x20</size>
         <input_file_ref idref="fl-c"/>
      </object_component>
      <object_component id="oc-65">
         <name>.debug_frame</name>
         <load_address>0x90</load_address>
         <run_address>0x90</run_address>
         <size>0x20</size>
         <input_file_ref idref="fl-e"/>
      </object_component>
      <object_component id="oc-6f">
         <name>.debug_frame</name>
         <load_address>0xb0</load_address>
         <run_address>0xb0</run_address>
         <size>0x58</size>
         <input_file_ref idref="fl-10"/>
      </object_component>
      <object_component id="oc-75">
         <name>.debug_frame</name>
         <load_address>0x108</load_address>
         <run_address>0x108</run_address>
         <size>0xb0</size>
         <input_file_ref idref="fl-11"/>
      </object_component>
      <object_component id="oc-7f">
         <name>.debug_frame</name>
         <load_address>0x1b8</load_address>
         <run_address>0x1b8</run_address>
         <size>0x208</size>
         <input_file_ref idref="fl-12"/>
      </object_component>
      <object_component id="oc-84">
         <name>.debug_frame</name>
         <load_address>0x3c0</load_address>
         <run_address>0x3c0</run_address>
         <size>0x38</size>
         <input_file_ref idref="fl-13"/>
      </object_component>
      <object_component id="oc-c0">
         <name>.debug_frame</name>
         <load_address>0x5f0</load_address>
         <run_address>0x5f0</run_address>
         <size>0x173</size>
         <input_file_ref idref="fl-31"/>
      </object_component>
      <object_component id="oc-c5">
         <name>.debug_frame</name>
         <load_address>0x763</load_address>
         <run_address>0x763</run_address>
         <size>0xe0</size>
         <input_file_ref idref="fl-32"/>
      </object_component>
      <object_component id="oc-cb">
         <name>.debug_frame</name>
         <load_address>0x843</load_address>
         <run_address>0x843</run_address>
         <size>0xe0</size>
         <input_file_ref idref="fl-33"/>
      </object_component>
      <object_component id="oc-d0">
         <name>.debug_frame</name>
         <load_address>0x923</load_address>
         <run_address>0x923</run_address>
         <size>0x77</size>
         <input_file_ref idref="fl-34"/>
      </object_component>
      <object_component id="oc-d5">
         <name>.debug_frame</name>
         <load_address>0x99a</load_address>
         <run_address>0x99a</run_address>
         <size>0x10a</size>
         <input_file_ref idref="fl-35"/>
      </object_component>
      <object_component id="oc-db">
         <name>.debug_frame</name>
         <load_address>0xaa4</load_address>
         <run_address>0xaa4</run_address>
         <size>0x149</size>
         <input_file_ref idref="fl-36"/>
      </object_component>
      <object_component id="oc-113">
         <name>.debug_frame</name>
         <load_address>0xbed</load_address>
         <run_address>0xbed</run_address>
         <size>0x491</size>
         <input_file_ref idref="fl-37"/>
      </object_component>
      <object_component id="oc-118">
         <name>.debug_frame</name>
         <load_address>0x107e</load_address>
         <run_address>0x107e</run_address>
         <size>0xe0</size>
         <input_file_ref idref="fl-38"/>
      </object_component>
      <object_component id="oc-11d">
         <name>.debug_frame</name>
         <load_address>0x115e</load_address>
         <run_address>0x115e</run_address>
         <size>0x26f</size>
         <input_file_ref idref="fl-39"/>
      </object_component>
      <object_component id="oc-122">
         <name>.debug_frame</name>
         <load_address>0x13cd</load_address>
         <run_address>0x13cd</run_address>
         <size>0x10a</size>
         <input_file_ref idref="fl-3a"/>
      </object_component>
      <object_component id="oc-127">
         <name>.debug_frame</name>
         <load_address>0x14d7</load_address>
         <run_address>0x14d7</run_address>
         <size>0xe0</size>
         <input_file_ref idref="fl-3b"/>
      </object_component>
      <object_component id="oc-148">
         <name>.debug_frame</name>
         <load_address>0x3f8</load_address>
         <run_address>0x3f8</run_address>
         <size>0x38</size>
         <input_file_ref idref="fl-47"/>
      </object_component>
      <object_component id="oc-14d">
         <name>.debug_frame</name>
         <load_address>0x430</load_address>
         <run_address>0x430</run_address>
         <size>0x38</size>
         <input_file_ref idref="fl-48"/>
      </object_component>
      <object_component id="oc-152">
         <name>.debug_frame</name>
         <load_address>0x468</load_address>
         <run_address>0x468</run_address>
         <size>0x38</size>
         <input_file_ref idref="fl-49"/>
      </object_component>
      <object_component id="oc-157">
         <name>.debug_frame</name>
         <load_address>0x4a0</load_address>
         <run_address>0x4a0</run_address>
         <size>0x58</size>
         <input_file_ref idref="fl-4a"/>
      </object_component>
      <object_component id="oc-15e">
         <name>.debug_frame</name>
         <load_address>0x4f8</load_address>
         <run_address>0x4f8</run_address>
         <size>0x58</size>
         <input_file_ref idref="fl-4b"/>
      </object_component>
      <object_component id="oc-163">
[...]
         <value>0x3f7444</value>
         <object_component_ref idref="oc-1c8"/>
      </symbol>
      <symbol id="sm-332">
         <name>_PIE_tableDebugInit</name>
         <value>0x3f6398</value>
         <object_component_ref idref="oc-1d5"/>
      </symbol>
      <symbol id="sm-3d5">
         <name>_ILLEGAL_ISR</name>
         <value>0x3f75c6</value>
         <object_component_ref idref="oc-e6"/>
      </symbol>
      <symbol id="sm-3d6">
         <name>_ADCINT4_ISR</name>
         <value>0x3f7562</value>
         <object_component_ref idref="oc-10a"/>
      </symbol>
      <symbol id="sm-3d7">
         <name>_DATALOG_ISR</name>
         <value>0x3f7580</value>
         <object_component_ref idref="oc-e2"/>
      </symbol>
      <symbol id="sm-3d8">
         <name>_SPITXINTA_ISR</name>
         <value>0x3f75f8</value>
         <object_component_ref idref="oc-104"/>
      </symbol>
      <symbol id="sm-3d9">
         <name>_SPIRXINTA_ISR</name>
         <value>0x3f75f3</value>
         <object_component_ref idref="oc-103"/>
      </symbol>
      <symbol id="sm-3da">
         <name>_INT13_ISR</name>
         <value>0x3f75cb</value>
         <object_component_ref idref="oc-e0"/>
      </symbol>
      <symbol id="sm-3db">
         <name>_ADCINT5_ISR</name>
         <value>0x3f7567</value>
         <object_component_ref idref="oc-10b"/>
      </symbol>
      <symbol id="sm-3dc">
         <name>_EPWM4_INT_ISR</name>
         <value>0x3f75b2</value>
         <object_component_ref idref="oc-101"/>
      </symbol>
      <symbol id="sm-3dd">
         <name>_USER5_ISR</name>
         <value>0x3f7625</value>
         <object_component_ref idref="oc-eb"/>
      </symbol>
      <symbol id="sm-3de">
         <name>_EMPTY_ISR</name>
         <value>0x3f758a</value>
         <object_component_ref idref="oc-110"/>
      </symbol>
      <symbol id="sm-3df">
         <name>_EPWM4_TZINT_ISR</name>
         <value>0x3f75b7</value>
         <object_component_ref idref="oc-fd"/>
      </symbol>
      <symbol id="sm-3e0">
         <name>_EMUINT_ISR</name>
         <value>0x3f758f</value>
         <object_component_ref idref="oc-e4"/>
      </symbol>
      <symbol id="sm-3e1">
         <name>_ECAP1_INT_ISR</name>
         <value>0x3f7585</value>
         <object_component_ref idref="oc-102"/>
      </symbol>
      <symbol id="sm-3e2">
         <name>_EPWM1_TZINT_ISR</name>
         <value>0x3f7599</value>
         <object_component_ref idref="oc-fa"/>
      </symbol>
      <symbol id="sm-3e3">
         <name>_ADCINT6_ISR</name>
         <value>0x3f756c</value>
         <object_component_ref idref="oc-10c"/>
      </symbol>
      <symbol id="sm-3e4">
         <name>_ADCINT8_ISR</name>
         <value>0x3f7576</value>
         <object_component_ref idref="oc-10e"/>
      </symbol>
      <symbol id="sm-3e5">
         <name>_USER11_ISR</name>
         <value>0x3f7607</value>
         <object_component_ref idref="oc-f1"/>
      </symbol>
      <symbol id="sm-3e6">
         <name>_EPWM3_TZINT_ISR</name>
         <value>0x3f75ad</value>
         <object_component_ref idref="oc-fc"/>
      </symbol>
      <symbol id="sm-3e7">
         <name>_USER4_ISR</name>
         <value>0x3f7620</value>
         <object_component_ref idref="oc-ea"/>
      </symbol>
      <symbol id="sm-3e8">
         <name>_EPWM2_TZINT_ISR</name>
         <value>0x3f75a3</value>
         <object_component_ref idref="oc-fb"/>
      </symbol>
      <symbol id="sm-3e9">
         <name>_EPWM2_INT_ISR</name>
         <value>0x3f759e</value>
         <object_component_ref idref="oc-ff"/>
      </symbol>
      <symbol id="sm-3ea">
         <name>_TINT0_ISR</name>
         <value>0x3f75fd</value>
         <object_component_ref idref="oc-f8"/>
      </symbol>
      <symbol id="sm-3eb">
         <name>_WAKEINT_ISR</name>
         <value>0x3f763e</value>
         <object_component_ref idref="oc-f9"/>
      </symbol>
      <symbol id="sm-3ec">
         <name>_ADCINT7_ISR</name>
         <value>0x3f7571</value>
         <object_component_ref idref="oc-10d"/>
      </symbol>
      <symbol id="sm-3ed">
         <name>_ADCINT9_ISR</name>
         <value>0x3f757b</value>
         <object_component_ref idref="oc-f7"/>
      </symbol>
      <symbol id="sm-3ee">
         <name>_USER10_ISR</name>
         <value>0x3f7602</value>
         <object_component_ref idref="oc-f0"/>
      </symbol>
      <symbol id="sm-3ef">
         <name>_USER7_ISR</name>
         <value>0x3f762f</value>
         <object_component_ref idref="oc-ed"/>
      </symbol>
      <symbol id="sm-3f0">
         <name>_XINT1_ISR</name>
         <value>0x3f7643</value>
         <object_component_ref idref="oc-f5"/>
      </symbol>
      <symbol id="sm-3f1">
         <name>_INT14_ISR</name>
         <value>0x3f75d0</value>
         <object_component_ref idref="oc-e1"/>
      </symbol>
      <symbol id="sm-3f2">
         <name>_USER6_ISR</name>
         <value>0x3f762a</value>
         <object_component_ref idref="oc-ec"/>
      </symbol>
      <symbol id="sm-3f3">
         <name>_ADCINT1_ISR</name>
         <value>0x3f7553</value>
         <object_component_ref idref="oc-f3"/>
      </symbol>
      <symbol id="sm-3f4">
         <name>_USER12_ISR</name>
         <value>0x3f760c</value>
         <object_component_ref idref="oc-f2"/>
      </symbol>
      <symbol id="sm-3f5">
         <name>_USER1_ISR</name>
         <value>0x3f7611</value>
         <object_component_ref idref="oc-e7"/>
      </symbol>
      <symbol id="sm-3f6">
         <name>_XINT3_ISR</name>
         <value>0x3f764d</value>
         <object_component_ref idref="oc-10f"/>
      </symbol>
      <symbol id="sm-3f7">
         <name>_NMI_ISR</name>
         <value>0x3f75d5</value>
         <object_component_ref idref="oc-e5"/>
      </symbol>
      <symbol id="sm-3f8">
         <name>_ADCINT2_ISR</name>
         <value>0x3f7558</value>
         <object_component_ref idref="oc-f4"/>
      </symbol>
      <symbol id="sm-3f9">
         <name>_PIE_RESERVED</name>
         <value>0x3f75da</value>
         <object_component_ref idref="oc-111"/>
      </symbol>
      <symbol id="sm-3fa">
         <name>_I2CINT1A_ISR</name>
         <value>0x3f75bc</value>
         <object_component_ref idref="oc-105"/>
      </symbol>
      <symbol id="sm-3fb">
         <name>_XINT2_ISR</name>
         <value>0x3f7648</value>
         <object_component_ref idref="oc-f6"/>
      </symbol>
      <symbol id="sm-3fc">
         <name>_I2CINT2A_ISR</name>
         <value>0x3f75c1</value>
         <object_component_ref idref="oc-106"/>
      </symbol>
      <symbol id="sm-3fd">
         <name>_RTOSINT_ISR</name>
         <value>0x3f75e4</value>
         <object_component_ref idref="oc-e3"/>
      </symbol>
      <symbol id="sm-3fe">
         <name>_EPWM3_INT_ISR</name>
         <value>0x3f75a8</value>
         <object_component_ref idref="oc-100"/>
      </symbol>
      <symbol id="sm-3ff">
         <name>_ADCINT3_ISR</name>
         <value>0x3f755d</value>
         <object_component_ref idref="oc-109"/>
      </symbol>
      <symbol id="sm-400">
         <name>_USER9_ISR</name>
         <value>0x3f7639</value>
         <object_component_ref idref="oc-ef"/>
      </symbol>
      <symbol id="sm-401">
         <name>_USER3_ISR</name>
         <value>0x3f761b</value>
         <object_component_ref idref="oc-e9"/>
      </symbol>
      <symbol id="sm-402">
         <name>_USER8_ISR</name>
         <value>0x3f7634</value>
         <object_component_ref idref="oc-ee"/>
      </symbol>
      <symbol id="sm-403">
         <name>_EPWM1_INT_ISR</name>
         <value>0x3f7594</value>
         <object_component_ref idref="oc-fe"/>
      </symbol>
      <symbol id="sm-404">
         <name>_USER2_ISR</name>
         <value>0x3f7616</value>
         <object_component_ref idref="oc-e8"/>
      </symbol>
      <symbol id="sm-405">
         <name>_SCITXINTA_ISR</name>
         <value>0x3f75ee</value>
         <object_component_ref idref="oc-108"/>
      </symbol>
      <symbol id="sm-406">
         <name>_SCIRXINTA_ISR</name>
         <value>0x3f75e9</value>
         <object_component_ref idref="oc-107"/>
      </symbol>
      <symbol id="sm-407">
         <name>_rsvd_ISR</name>
         <value>0x3f7652</value>
         <object_component_ref idref="oc-112"/>
      </symbol>
      <symbol id="sm-422">
         <name>_PLL_getClkStatus</name>
         <value>0x3f7685</value>
         <object_component_ref idref="oc-1d1"/>
      </symbol>
      <symbol id="sm-423">
         <name>_PLL_setDivider</name>
         <value>0x3f7505</value>
         <object_component_ref idref="oc-1d2"/>
      </symbol>
      <symbol id="sm-424">
         <name>_PLL_init</name>
         <value>0x3f74b9</value>
         <object_component_ref idref="oc-1a8"/>
      </symbol>
      <symbol id="sm-425">
         <name>_PLL_getLockStatus</name>
         <value>0x3f7688</value>
         <object_component_ref idref="oc-1d4"/>
      </symbol>
      <symbol id="sm-426">
         <name>_PLL_setup</name>
         <value>0x3f7323</value>
         <object_component_ref idref="oc-1af"/>
      </symbol>
      <symbol id="sm-427">
         <name>_PLL_setMultiplier</name>
         <value>0x3f752f</value>
         <object_component_ref idref="oc-1d3"/>
      </symbol>
      <symbol id="sm-466">
         <name>_PWM_setPeriod</name>
         <value>0x3f76a5</value>
         <object_component_ref idref="oc-18b"/>
      </symbol>
      <symbol id="sm-467">
         <name>_PWM_setHighSpeedClkDiv</name>
         <value>0x3f766b</value>
         <object_component_ref idref="oc-18f"/>
      </symbol>
      <symbol id="sm-468">
         <name>_PWM_init</name>
         <value>0x3f74c1</value>
         <object_component_ref idref="oc-1a9"/>
      </symbol>
      <symbol id="sm-469">
         <name>_PWM_setShadowMode_CmpA</name>
         <value>0x3f753b</value>
         <object_component_ref idref="oc-191"/>
      </symbol>
      <symbol id="sm-46a">
         <name>_PWM_setShadowMode_CmpB</name>
         <value>0x3f7541</value>
         <object_component_ref idref="oc-192"/>
      </symbol>
      <symbol id="sm-46b">
         <name>_PWM_setSocAPeriod</name>
         <value>0x3f747d</value>
         <object_component_ref idref="oc-1a0"/>
      </symbol>
      <symbol id="sm-46c">
         <name>_PWM_setDeadBandFallingEdgeDelay</name>
         <value>0x3f7691</value>
         <object_component_ref idref="oc-19d"/>
      </symbol>
      <symbol id="sm-46d">
         <name>_PWM_setActionQual_Zero_PwmB</name>
         <value>0x3f7513</value>
         <object_component_ref idref="oc-195"/>
      </symbol>
      <symbol id="sm-46e">
         <name>_PWM_setActionQual_Zero_PwmA</name>
         <value>0x3f750c</value>
         <object_component_ref idref="oc-197"/>
      </symbol>
      <symbol id="sm-46f">
         <name>_PWM_setPhase</name>
         <value>0x3f76a7</value>
         <object_component_ref idref="oc-18d"/>
      </symbol>
      <symbol id="sm-470">
         <name>_PWM_setDeadBandPolarity</name>
         <value>0x3f7528</value>
         <object_component_ref idref="oc-19a"/>
      </symbol>
      <symbol id="sm-471">
         <name>_PWM_setLoadMode_CmpB</name>
         <value>0x3f7535</value>
         <object_component_ref idref="oc-194"/>
      </symbol>
      <symbol id="sm-472">
         <name>_PWM_setLoadMode_CmpA</name>
         <value>0x3f766f</value>
         <object_component_ref idref="oc-193"/>
      </symbol>
      <symbol id="sm-473">
         <name>_PWM_enableCounterLoad</name>
         <value>0x3f768e</value>
         <object_component_ref idref="oc-189"/>
      </symbol>
      <symbol id="sm-474">
         <name>_PWM_disableCounterLoad</name>
         <value>0x3f768b</value>
         <object_component_ref idref="oc-18c"/>
      </symbol>
      <symbol id="sm-475">
         <name>_PWM_setDeadBandOutputMode</name>
         <value>0x3f7521</value>
         <object_component_ref idref="oc-199"/>
      </symbol>
      <symbol id="sm-476">
         <name>_PWM_setActionQual_CntUp_CmpA_PwmB</name>
         <value>0x3f7474</value>
         <object_component_ref idref="oc-196"/>
      </symbol>
      <symbol id="sm-477">
         <name>_PWM_setActionQual_CntUp_CmpA_PwmA</name>
         <value>0x3f746b</value>
         <object_component_ref idref="oc-198"/>
      </symbol>
      <symbol id="sm-478">
         <name>_PWM_setDeadBandInputMode</name>
         <value>0x3f751a</value>
         <object_component_ref idref="oc-19b"/>
      </symbol>
      <symbol id="sm-479">
         <name>_PWM_enableSocAPulse</name>
         <value>0x3f765f</value>
         <object_component_ref idref="oc-19e"/>
      </symbol>
      <symbol id="sm-47a">
         <name>_PWM_setClkDiv</name>
         <value>0x3f7663</value>
         <object_component_ref idref="oc-190"/>
      </symbol>
      <symbol id="sm-47b">
         <name>_PWM_setCounterMode</name>
         <value>0x3f7667</value>
         <object_component_ref idref="oc-18a"/>
      </symbol>
      <symbol id="sm-47c">
         <name>_PWM_setDeadBandRisingEdgeDelay</name>
         <value>0x3f7694</value>
         <object_component_ref idref="oc-19c"/>
      </symbol>
      <symbol id="sm-47d">
         <name>_PWM_setSocAPulseSrc</name>
         <value>0x3f7486</value>
         <object_component_ref idref="oc-19f"/>
      </symbol>
      <symbol id="sm-47e">
         <name>_PWM_setCount</name>
         <value>0x3f76a3</value>
         <object_component_ref idref="oc-18e"/>
      </symbol>
      <symbol id="sm-49b">
         <name>_TIMER_setEmulationMode</name>
         <value>0x3f7547</value>
         <object_component_ref idref="oc-1c2"/>
      </symbol>
      <symbol id="sm-49c">
         <name>_TIMER_start</name>
         <value>0x3f769d</value>
         <object_component_ref idref="oc-1c4"/>
      </symbol>
      <symbol id="sm-49d">
         <name>_TIMER_setPreScaler</name>
         <value>0x3f734c</value>
         <object_component_ref idref="oc-1c0"/>
      </symbol>
      <symbol id="sm-49e">
         <name>_TIMER_setPeriod</name>
         <value>0x3f76a9</value>
         <object_component_ref idref="oc-1bf"/>
      </symbol>
      <symbol id="sm-49f">
         <name>_TIMER_init</name>
         <value>0x3f74c9</value>
         <object_component_ref idref="oc-1ab"/>
      </symbol>
      <symbol id="sm-4a0">
         <name>_TIMER_reload</name>
         <value>0x3f769a</value>
         <object_component_ref idref="oc-1c1"/>
      </symbol>
      <symbol id="sm-4a1">
         <name>_TIMER_enableInt</name>
         <value>0x3f7697</value>
         <object_component_ref idref="oc-1c3"/>
      </symbol>
      <symbol id="sm-4a2">
         <name>_TIMER_stop</name>
         <value>0x3f76a0</value>
         <object_component_ref idref="oc-1be"/>
      </symbol>
      <symbol id="sm-4bb">
         <name>_WDOG_setPreScaler</name>
         <value>0x3f7458</value>
         <object_component_ref idref="oc-1cc"/>
      </symbol>
      <symbol id="sm-4bc">
         <name>_WDOG_enableInt</name>
         <value>0x3f754d</value>
         <object_component_ref idref="oc-1c7"/>
      </symbol>
      <symbol id="sm-4bd">
         <name>_WDOG_enable</name>
         <value>0x3f748f</value>
         <object_component_ref idref="oc-1ce"/>
      </symbol>
      <symbol id="sm-4be">
         <name>_WDOG_init</name>
         <value>0x3f74e1</value>
         <object_component_ref idref="oc-1aa"/>
      </symbol>
      <symbol id="sm-4bf">
         <name>_WDOG_disable</name>
         <value>0x3f74d9</value>
         <object_component_ref idref="oc-1ac"/>
      </symbol>
      <symbol id="sm-4c0">
         <name>_WDOG_clearCounter</name>
         <value>0x3f74d1</value>
         <object_component_ref idref="oc-1cd"/>
      </symbol>
      <symbol id="sm-4cb">
         <name>__IQ19div</name>
         <value>0x460</value>
         <object_component_ref idref="oc-12b"/>
      </symbol>
      <symbol id="sm-4d3">
         <name>_IQdivRoundSatTable</name>
         <value>0x3fe502</value>
      </symbol>
      <symbol id="sm-4db">
         <name>_IQdivTable</name>
         <value>0x3fe510</value>
      </symbol>
      <symbol id="sm-4e5">
         <name>__IQ19mag</name>
         <value>0x400</value>
         <object_component_ref idref="oc-132"/>
      </symbol>
      <symbol id="sm-4ed">
         <name>_IQsqrtRoundSatTable</name>
         <value>0x3fe712</value>
      </symbol>
      <symbol id="sm-4f5">
         <name>_IQsqrtTable</name>
         <value>0x3fe722</value>
      </symbol>
      <symbol id="sm-500">
         <name>__IQ23cos</name>
         <value>0x4d8</value>
         <object_component_ref idref="oc-139"/>
      </symbol>
      <symbol id="sm-508">
         <name>_IQcosTable</name>
         <value>0x3fe100</value>
      </symbol>
      <symbol id="sm-510">
         <name>_IQsinTable</name>
         <value>0x3fe000</value>
      </symbol>
      <symbol id="sm-51b">
         <name>__IQ23sin</name>
         <value>0x4a7</value>
         <object_component_ref idref="oc-140"/>
      </symbol>
      <symbol id="sm-536">
         <name>_c_int00</name>
         <value>0x3f6f61</value>
         <object_component_ref idref="oc-49"/>
      </symbol>
      <symbol id="sm-537">
         <name>__stack</name>
         <value>0x50</value>
         <object_component_ref idref="oc-141"/>
      </symbol>
      <symbol id="sm-546">
         <name>__args_main</name>
         <value>0x3f72dc</value>
         <object_component_ref idref="oc-16f"/>
      </symbol>
      <symbol id="sm-553">
         <name>__system_post_cinit</name>
         <value>0x3f6397</value>
         <object_component_ref idref="oc-16e"/>
      </symbol>
      <symbol id="sm-55f">
         <name>__system_pre_init</name>
         <value>0x3f76ab</value>
         <object_component_ref idref="oc-16c"/>
      </symbol>
      <symbol id="sm-56e">
         <name>_copy_in</name>
         <value>0x3f71c6</value>
         <object_component_ref idref="oc-16d"/>
      </symbol>
      <symbol id="sm-582">
         <name>C$$EXIT</name>
         <value>0x3f7176</value>
         <object_component_ref idref="oc-170"/>
      </symbol>
      <symbol id="sm-583">
         <name>_exit</name>
         <value>0x3f7178</value>
         <object_component_ref idref="oc-170"/>
      </symbol>
      <symbol id="sm-584">
         <name>___TI_cleanup_ptr</name>
         <value>0x8aa6</value>
         <object_component_ref idref="oc-15d"/>
      </symbol>
      <symbol id="sm-585">
         <name>___TI_enable_exit_profile_output</name>
         <value>0x8aa4</value>
         <object_component_ref idref="oc-15d"/>
      </symbol>
      <symbol id="sm-586">
         <name>_abort</name>
         <value>0x3f7176</value>
         <object_component_ref idref="oc-170"/>
      </symbol>
      <symbol id="sm-587">
         <name>___TI_dtors_ptr</name>
         <value>0x8aa8</value>
         <object_component_ref idref="oc-15d"/>
      </symbol>
      <symbol id="sm-59b">
         <name>__unlock</name>
         <value>0x8aac</value>
         <object_component_ref idref="oc-1d6"/>
      </symbol>
      <symbol id="sm-59c">
         <name>__lock</name>
         <value>0x8aaa</value>
         <object_component_ref idref="oc-178"/>
      </symbol>
      <symbol id="sm-59d">
         <name>__register_lock</name>
         <value>0x3f749c</value>
         <object_component_ref idref="oc-1cf"/>
      </symbol>
      <symbol id="sm-59e">
         <name>__nop</name>
         <value>0x3f74a0</value>
         <object_component_ref idref="oc-1cf"/>
      </symbol>
      <symbol id="sm-59f">
         <name>__register_unlock</name>
         <value>0x3f7498</value>
         <object_component_ref idref="oc-1cf"/>
      </symbol>
      <symbol id="sm-5b0">
         <name>_memcpy</name>
         <value>0x3f726d</value>
         <object_component_ref idref="oc-176"/>
      </symbol>
   </symbol_table>
   <title>Link successful</title>
</link_info>
